[train] step=200 loss=0.596295
[train] step=400 loss=0.596465
[train] step=600 loss=0.587597
[train] step=800 loss=0.456502
[train] step=1000 loss=0.429708
[train] step=1200 loss=0.423407
[train] step=1400 loss=0.425020
[train] step=1600 loss=0.404496
[train] step=1800 loss=0.402799
[train] step=2000 loss=0.435477
[train] step=2200 loss=0.409152
[train] step=2400 loss=0.415587
[train] step=2600 loss=0.399085
[train] step=2800 loss=0.408918
[train] step=3000 loss=0.392896
[train] step=3200 loss=0.399111
[train] step=3400 loss=0.413297
[train] step=3600 loss=0.402794
[train] step=3800 loss=0.451344
[train] step=4000 loss=0.414541
[train] step=4200 loss=0.410146
[train] step=4400 loss=0.407493
[train] step=4600 loss=0.398832
[train] step=4800 loss=0.417388
[train] step=5000 loss=0.395402
[train] step=5200 loss=0.399220
[train] step=5400 loss=0.387897
[train] step=5600 loss=0.407906
[train] step=5800 loss=0.408357
[train] step=6000 loss=0.397933
[train] step=6200 loss=0.407100
[train] step=6400 loss=0.407709
[train] step=6600 loss=0.387096
[train] step=6800 loss=0.439672
[train] step=7000 loss=0.405980
[train] step=7200 loss=0.385309
[train] step=7400 loss=0.395284
[train] step=7600 loss=0.385064
[train] step=7800 loss=0.427096
[train] step=8000 loss=0.415239
[train] step=8200 loss=0.400640
[train] step=8400 loss=0.408307
[train] step=8600 loss=0.399907
[train] step=8800 loss=0.407093
[train] step=9000 loss=0.395668
[train] step=9200 loss=0.422663
[train] step=9400 loss=0.416722
[train] step=9600 loss=0.406956
[train] step=9800 loss=0.401807
[train] step=10000 loss=0.419533
[train] step=10200 loss=0.402125
[train] step=10400 loss=0.398374
[train] step=10600 loss=0.400266
[train] step=10800 loss=0.404076
[train] step=11000 loss=0.416206
[train] step=11200 loss=0.399929
[train] step=11400 loss=0.410956
[train] step=11600 loss=0.415238
[train] step=11800 loss=0.393100
[train] step=12000 loss=0.406594
[train] step=12200 loss=0.411273
[train] step=12400 loss=0.404491
[train] step=12600 loss=0.418941
[train] step=12800 loss=0.404052
[train] step=13000 loss=0.416126
[train] step=13200 loss=0.379936
[train] step=13400 loss=0.390814
[train] step=13600 loss=0.375890
[train] step=13800 loss=0.411869
[train] step=14000 loss=0.403987
[train] step=14200 loss=0.392395
[train] step=14400 loss=0.408356
[train] step=14600 loss=0.417642
[train] step=14800 loss=0.400712
[train] step=15000 loss=0.412454
[train] step=15200 loss=0.410056
[train] step=15400 loss=0.400935
[train] step=15600 loss=0.383010
[train] step=15800 loss=0.402377
[train] step=16000 loss=0.400270
[train] step=16200 loss=0.398453
[train] step=16400 loss=0.412222
[train] step=16600 loss=0.403494
[train] step=16800 loss=0.430948
[train] step=17000 loss=0.408465
[train] step=17200 loss=0.402364
[train] step=17400 loss=0.411627
[train] step=17600 loss=0.389832
[train] step=17800 loss=0.398964
[train] step=18000 loss=0.406828
[train] step=18200 loss=0.412642
[train] step=18400 loss=0.403212
[train] step=18600 loss=0.414464
[train] step=18800 loss=0.402679
[train] step=19000 loss=0.426547
[train] step=19200 loss=0.413480
[train] step=19400 loss=0.394387
[train] step=19600 loss=0.395122
[train] step=19800 loss=0.403496
[train] step=20000 loss=0.404505
[train] step=20200 loss=0.426998
[train] step=20400 loss=0.407521
[train] step=20600 loss=0.404915
[train] step=20800 loss=0.404491
[train] step=21000 loss=0.420188
[train] step=21200 loss=0.417322
[train] step=21400 loss=0.410073
[train] step=21600 loss=0.405787
[train] step=21800 loss=0.406564
[train] step=22000 loss=0.412815
[train] step=22200 loss=0.391895
[train] step=22400 loss=0.404267
[train] step=22600 loss=0.411259
[train] step=22800 loss=0.412549
[train] step=23000 loss=0.413246
[train] step=23200 loss=0.395905
[train] step=23400 loss=0.405780
[train] step=23600 loss=0.392890
[train] step=23800 loss=0.389462
[train] step=24000 loss=0.411797
[train] step=24200 loss=0.397246
[train] step=24400 loss=0.409494
[train] step=24600 loss=0.403104
[train] step=24800 loss=0.391439
[train] step=25000 loss=0.403418
[train] step=25200 loss=0.399095
[train] step=25400 loss=0.412346
[train] step=25600 loss=0.421121
[train] step=25800 loss=0.414921
[train] step=26000 loss=0.398224
[train] step=26200 loss=0.415120
[train] step=26400 loss=0.397284
[train] step=26600 loss=0.397278
[train] step=26800 loss=0.390046
[train] step=27000 loss=0.395136
[train] step=27200 loss=0.419860
[train] step=27400 loss=0.419412
[train] step=27600 loss=0.385588
[train] step=27800 loss=0.413837
[train] step=28000 loss=0.395421
[train] step=28200 loss=0.429711
[train] step=28400 loss=0.414151
[train] step=28600 loss=0.415382
[train] step=28800 loss=0.400401
[train] step=29000 loss=0.395165
[train] step=29200 loss=0.394827
[train] step=29400 loss=0.413430
[train] step=29600 loss=0.403684
[train] step=29800 loss=0.404935
[train] step=30000 loss=0.402319
[train] step=30200 loss=0.418468
[train] step=30400 loss=0.435667
[train] step=30600 loss=0.405940
[train] step=30800 loss=0.415387
[train] step=31000 loss=0.400058
[train] step=31200 loss=0.406325
[train] step=31400 loss=0.414768
[train] step=31600 loss=0.401819
[train] step=31800 loss=0.396372
[train] step=32000 loss=0.400460
[train] step=32200 loss=0.404107
[train] step=32400 loss=0.411145
[train] step=32600 loss=0.392599
[train] step=32800 loss=0.390469
[train] step=33000 loss=0.404025
[train] step=33200 loss=0.400913
[train] step=33400 loss=0.388863
[train] step=33600 loss=0.396026
[train] step=33800 loss=0.405028
[train] step=34000 loss=0.407953
Traceback (most recent call last):
  File "/home/jinlin/projects/Synthetic_City/tools/poc_tabddpm_acs_tract.py", line 27, in <module>
    main()
  File "/home/jinlin/projects/Synthetic_City/tools/poc_tabddpm_acs_tract.py", line 23, in main
    runpy.run_path(str(impl), run_name="__main__")
  File "<frozen runpy>", line 291, in run_path
  File "<frozen runpy>", line 98, in _run_module_code
  File "<frozen runpy>", line 88, in _run_code
  File "/home/jinlin/projects/Synthetic_City/tools/poc_tabddpm_acs_supervised_b01001.py", line 1097, in <module>
    main()
  File "/home/jinlin/projects/Synthetic_City/tools/poc_tabddpm_acs_supervised_b01001.py", line 915, in main
    z = model.sample(n=n_eval, cond=c_t, device=args.device).to_numpy(dtype=np.float32)
        ^^^^^^^^^^^^^^^^^^^^^^^^^^^^^^^^^^^^^^^^^^^^^^^^^^^^^^^^^^^^^
AttributeError: 'Tensor' object has no attribute 'to_numpy'
