[info] RAW_ROOT=/home/jinlin/data/geoexplicit_data
[info] DATA_ROOT=/home/jinlin/data/geoexplicit_data/synthetic_city/data
[info] TARGET_WIDE_CSV=/home/jinlin/data/geoexplicit_data/synthetic_city/data/us/processed/external_targets/exttarget_v1_full_earn_pums_2023_puma_us_joint_wide.csv
[info] CONDITION_CSV=/home/jinlin/data/geoexplicit_data/synthetic_city/data/us/processed/external_conditions/extcond_v1_earn_v1_acs5_2022_puma_us.csv
[info] SCHEMA_JSON=/home/jinlin/data/geoexplicit_data/synthetic_city/data/us/processed/external_targets/exttarget_v1_full_earn_pums_2023_puma_us.schema.json
[info] PYTHON_BIN=/home/jinlin/miniconda3/bin/python
[info] DEVICE=auto
[info] TIMESTEPS=200
[info] EPOCHS=400
[info] EVAL_EVERY=200
[info] VAL_FRAC=0.05
[info] N_VAL_JOINT_SAMPLES=16
[info] N_EVAL_JOINT_SAMPLES=32
[info] EMA_DECAY=0.999
[info] MARGINAL_WEIGHT=1.0
[info] CMD=/home/jinlin/miniconda3/bin/python -u tools/train_external_joint_hier_diffusion_full_earn.py --joint_wide_csv /home/jinlin/data/geoexplicit_data/synthetic_city/data/us/processed/external_targets/exttarget_v1_full_earn_pums_2023_puma_us_joint_wide.csv --condition_csv /home/jinlin/data/geoexplicit_data/synthetic_city/data/us/processed/external_conditions/extcond_v1_earn_v1_acs5_2022_puma_us.csv --schema_json /home/jinlin/data/geoexplicit_data/synthetic_city/data/us/processed/external_targets/exttarget_v1_full_earn_pums_2023_puma_us.schema.json --eval_mode leave_mi_out --n_folds 5 --timesteps 200 --epochs 400 --batch_size 512 --encoder_hidden_dims 256\,256 --coarse_hidden_dims 256 --diffusion_hidden_dims 1024\,1024 --latent_dim 128 --lr 1e-3 --weight_decay 1e-4 --condition_injection concat --film_hidden_dim 128 --coarse_weight 0.5 --consistency_weight 1.0 --marginal_weight 1.0 --seed 1 --log_every 200 --eval_every 200 --val_frac 0.05 --val_min_groups 96 --n_val_joint_samples 16 --val_ipf_iters 200 --n_eval_joint_samples 32 --ipf_iters 200 --ema_decay 0.999 --run_label external_joint_hier_diffusion_full_earn_v2 --out_dir outputs/_us_puma_external_joint_hier_diffusion_full_earn_v2_wide400_batch_20260325T161019Z_seed1_20260325T161047Z --save_best_checkpoint 
[train] fold=leave_mi_out epoch=1 loss=4.819945 diff=1.002371 coarse=5.586327 cons=0.820328 marg=0.204082
[train] fold=leave_mi_out epoch=200 loss=3.129932 diff=1.075646 coarse=3.621422 cons=0.175888 marg=0.067687
[train] fold=leave_mi_out epoch=400 loss=3.112336 diff=1.070761 coarse=3.618637 cons=0.167713 marg=0.064544
{
  "hier_diffusion_joint": {
    "tvd_joint_raw": {
      "mean": 0.856141341527506,
      "std": 0.0,
      "max": 0.856141341527506,
      "p90": 0.856141341527506,
      "n": 1
    },
    "tvd_joint": {
      "mean": 0.4977039382076078,
      "std": 0.0,
      "max": 0.4977039382076078,
      "p90": 0.4977039382076078,
      "n": 1
    },
    "cosine_joint_raw": {
      "mean": 0.08240241350677983,
      "std": 0.0,
      "max": 0.08240241350677983,
      "p90": 0.08240241350677983,
      "n": 1
    },
    "cosine_joint": {
      "mean": 0.7470936772943553,
      "std": 0.0,
      "max": 0.7470936772943553,
      "p90": 0.7470936772943553,
      "n": 1
    },
    "tvd_coarse_head": {
      "mean": 0.1798360746136862,
      "std": 0.0,
      "max": 0.1798360746136862,
      "p90": 0.1798360746136862,
      "n": 1
    },
    "tvd_coarse_from_fine": {
      "mean": 0.3437252264496138,
      "std": 0.0,
      "max": 0.3437252264496138,
      "p90": 0.3437252264496138,
      "n": 1
    },
    "tvd_AGEP_bin": {
      "mean": 9.45036981123918e-06,
      "std": 0.0,
      "max": 9.45036981123918e-06,
      "p90": 9.45036981123918e-06,
      "n": 1
    },
    "tvd_AGEP_bin_raw": {
      "mean": 0.2818993736968685,
      "std": 0.0,
      "max": 0.2818993736968685,
      "p90": 0.2818993736968685,
      "n": 1
    },
    "tvd_SEX": {
      "mean": 7.795625928846318e-07,
      "std": 0.0,
      "max": 7.795625928846318e-07,
      "p90": 7.795625928846318e-07,
      "n": 1
    },
    "tvd_SEX_raw": {
      "mean": 0.08434504047245493,
      "std": 0.0,
      "max": 0.08434504047245493,
      "p90": 0.08434504047245493,
      "n": 1
    },
    "tvd_SCHL_allpop": {
      "mean": 3.9802487852214237e-07,
      "std": 0.0,
      "max": 3.9802487852214237e-07,
      "p90": 3.9802487852214237e-07,
      "n": 1
    },
    "tvd_SCHL_allpop_raw": {
      "mean": 0.29894468244967826,
      "std": 0.0,
      "max": 0.29894468244967826,
      "p90": 0.29894468244967826,
      "n": 1
    },
    "tvd_ESR_allpop": {
      "mean": 5.369281237624139e-08,
      "std": 0.0,
      "max": 5.369281237624139e-08,
      "p90": 5.369281237624139e-08,
      "n": 1
    },
    "tvd_ESR_allpop_raw": {
      "mean": 0.3390011534552383,
      "std": 0.0,
      "max": 0.3390011534552383,
      "p90": 0.3390011534552383,
      "n": 1
    },
    "tvd_EARN_16p_bin": {
      "mean": 6.094791958958577e-09,
      "std": 0.0,
      "max": 6.094791958958577e-09,
      "p90": 6.094791958958577e-09,
      "n": 1
    },
    "tvd_EARN_16p_bin_raw": {
      "mean": 0.33820697172918657,
      "std": 0.0,
      "max": 0.33820697172918657,
      "p90": 0.33820697172918657,
      "n": 1
    }
  },
  "baselines": {
    "ipf_train_seed_external": {
      "tvd_joint": {
        "mean": 0.12697915535868412,
        "std": 0.0,
        "max": 0.12697915535868412,
        "p90": 0.12697915535868412,
        "n": 1
      }
    },
    "independence_external": {
      "tvd_joint": {
        "mean": 0.7747275914882784,
        "std": 0.0,
        "max": 0.7747275914882784,
        "p90": 0.7747275914882784,
        "n": 1
      }
    }
  },
  "by_fold": {
    "leave_mi_out": {
      "n_eval": 68,
      "n_reference_train": 2269,
      "tvd_joint_raw": {
        "mean": 0.856141341527506,
        "std": 0.03079656360115689,
        "max": 0.9371126936180437,
        "p90": 0.8888847258289986,
        "n": 68
      },
      "tvd_joint": {
        "mean": 0.4977039382076078,
        "std": 0.03909865988634859,
        "max": 0.6166556666140581,
        "p90": 0.5442096785892675,
        "n": 68
      },
      "cosine_joint_raw": {
        "mean": 0.08240241350677983,
        "std": 0.02401769282971581,
        "max": 0.15512596326763745,
        "p90": 0.10922244018629933,
        "n": 68
      },
      "cosine_joint": {
        "mean": 0.7470936772943553,
        "std": 0.06441638113072151,
        "max": 0.8523672365887015,
        "p90": 0.8253224636429567,
        "n": 68
      },
      "tvd_coarse_head": {
        "mean": 0.1798360746136862,
        "std": 0.025822540351217647,
        "max": 0.2819836410319035,
        "p90": 0.20220171075723603,
        "n": 68
      },
      "tvd_coarse_from_fine": {
        "mean": 0.3437252264496138,
        "std": 0.04999421370424105,
        "max": 0.4921544416263832,
        "p90": 0.404467569252805,
        "n": 68
      },
      "ipf_train_seed_external": {
        "tvd_joint": {
          "mean": 0.12697915535868412,
          "std": 0.015740232380959944,
          "max": 0.17479435868801557,
          "p90": 0.14820548826788243,
          "n": 68
        }
      },
      "independence_external": {
        "tvd_joint": {
          "mean": 0.7747275914882784,
          "std": 0.01690760129007799,
          "max": 0.8131331502260131,
          "p90": 0.7925423533462682,
          "n": 68
        }
      },
      "tvd_AGEP_bin": {
        "mean": 9.45036981123918e-06,
        "std": 1.891746336448748e-05,
        "max": 0.00011669105312108949,
        "p90": 3.265365585577145e-05,
        "n": 68
      },
      "tvd_AGEP_bin_raw": {
        "mean": 0.2818993736968685,
        "std": 0.04223838293906158,
        "max": 0.38126283824780816,
        "p90": 0.3328042513756079,
        "n": 68
      },
      "tvd_SEX": {
        "mean": 7.795625928846318e-07,
        "std": 3.099161575977364e-06,
        "max": 2.5034382268057653e-05,
        "p90": 1.3091446130875102e-06,
        "n": 68
      },
      "tvd_SEX_raw": {
        "mean": 0.08434504047245493,
        "std": 0.05137591921244854,
        "max": 0.20868076785932455,
        "p90": 0.15240631087610512,
        "n": 68
      },
      "tvd_SCHL_allpop": {
        "mean": 3.9802487852214237e-07,
        "std": 6.520360203729202e-07,
        "max": 2.8226513917942175e-06,
        "p90": 1.3623727416124681e-06,
        "n": 68
      },
      "tvd_SCHL_allpop_raw": {
        "mean": 0.29894468244967826,
        "std": 0.06737486674979387,
        "max": 0.5016015320567011,
        "p90": 0.3825446212778722,
        "n": 68
      },
      "tvd_ESR_allpop": {
        "mean": 5.369281237624139e-08,
        "std": 1.5656213107274753e-07,
        "max": 1.2331007457044288e-06,
        "p90": 1.2617463861915563e-07,
        "n": 68
      },
      "tvd_ESR_allpop_raw": {
        "mean": 0.3390011534552383,
        "std": 0.060077592886527545,
        "max": 0.4768533155541028,
        "p90": 0.41131629670553016,
        "n": 68
      },
      "tvd_EARN_16p_bin": {
        "mean": 6.094791958958577e-09,
        "std": 3.552237455457368e-09,
        "max": 1.583248376672841e-08,
        "p90": 1.1175870866589332e-08,
        "n": 68
      },
      "tvd_EARN_16p_bin_raw": {
        "mean": 0.33820697172918657,
        "std": 0.06058608184176056,
        "max": 0.5042531146603781,
        "p90": 0.43736582496714654,
        "n": 68
      },
      "n_train": 2269,
      "n_val": 119,
      "n_test": 68
    }
  }
}
