[info] RAW_ROOT=/home/jinlin/data/geoexplicit_data
[info] DATA_ROOT=/home/jinlin/data/geoexplicit_data/synthetic_city/data
[info] TARGET_WIDE_CSV=/home/jinlin/data/geoexplicit_data/synthetic_city/data/us/processed/external_targets/exttarget_v1_full_pums_2023_puma_us_joint_wide.csv
[info] CONDITION_CSV=/home/jinlin/data/geoexplicit_data/synthetic_city/data/us/processed/external_conditions/extcond_v1_full_acs5_2022_puma_us.csv
[info] SCHEMA_JSON=/home/jinlin/data/geoexplicit_data/synthetic_city/data/us/processed/external_targets/exttarget_v1_full_pums_2023_puma_us.schema.json
[info] PYTHON_BIN=/home/jinlin/miniconda3/bin/python
[info] DEVICE=auto
[info] EVAL_EVERY=200
[info] VAL_FRAC=0.05
[info] VAL_MIN_GROUPS=96
[info] N_VAL_JOINT_SAMPLES=32
[info] N_EVAL_JOINT_SAMPLES=64
[info] EMA_DECAY=0.999
[info] CMD=/home/jinlin/miniconda3/bin/python -u tools/train_external_joint_hier_diffusion_full.py --joint_wide_csv /home/jinlin/data/geoexplicit_data/synthetic_city/data/us/processed/external_targets/exttarget_v1_full_pums_2023_puma_us_joint_wide.csv --condition_csv /home/jinlin/data/geoexplicit_data/synthetic_city/data/us/processed/external_conditions/extcond_v1_full_acs5_2022_puma_us.csv --schema_json /home/jinlin/data/geoexplicit_data/synthetic_city/data/us/processed/external_targets/exttarget_v1_full_pums_2023_puma_us.schema.json --eval_mode leave_mi_out --n_folds 5 --timesteps 200 --epochs 3000 --batch_size 512 --encoder_hidden_dims 256\,256 --coarse_hidden_dims 256 --diffusion_hidden_dims 512\,512 --latent_dim 128 --lr 1e-3 --weight_decay 1e-4 --condition_injection concat --film_hidden_dim 128 --coarse_weight 0.5 --consistency_weight 1.0 --seed 0 --log_every 200 --eval_every 200 --val_frac 0.05 --val_min_groups 96 --n_val_joint_samples 32 --val_ipf_iters 200 --n_eval_joint_samples 64 --ipf_iters 200 --ema_decay 0.999 --run_label external_joint_hier_diffusion_full --out_dir outputs/_us_puma_external_joint_hier_diffusion_full_concat_3000ep_t200_valema_20260325T000000Z --save_best_checkpoint 
[train] fold=leave_mi_out epoch=1 loss=3.729943 diff=0.999218 coarse=4.167802 cons=0.646824
[train] fold=leave_mi_out epoch=200 loss=2.068093 diff=0.462213 coarse=3.087219 cons=0.062270
[train] fold=leave_mi_out epoch=400 loss=2.023398 diff=0.431195 coarse=3.085906 cons=0.049250
[train] fold=leave_mi_out epoch=600 loss=1.952130 diff=0.366887 coarse=3.079043 cons=0.045722
[train] fold=leave_mi_out epoch=800 loss=1.956694 diff=0.374405 coarse=3.079619 cons=0.042480
[train] fold=leave_mi_out epoch=1000 loss=1.965048 diff=0.387098 coarse=3.074460 cons=0.040719
[train] fold=leave_mi_out epoch=1200 loss=1.939361 diff=0.359192 coarse=3.078707 cons=0.040815
[train] fold=leave_mi_out epoch=1400 loss=1.948304 diff=0.371028 coarse=3.072930 cons=0.040811
[train] fold=leave_mi_out epoch=1600 loss=1.924232 diff=0.343278 coarse=3.080059 cons=0.040925
[train] fold=leave_mi_out epoch=1800 loss=1.906144 diff=0.327177 coarse=3.078799 cons=0.039567
[train] fold=leave_mi_out epoch=2000 loss=1.918927 diff=0.336897 coarse=3.085070 cons=0.039495
[train] fold=leave_mi_out epoch=2200 loss=1.910545 diff=0.335433 coarse=3.071662 cons=0.039281
[train] fold=leave_mi_out epoch=2400 loss=1.876264 diff=0.300411 coarse=3.081217 cons=0.035244
[train] fold=leave_mi_out epoch=2600 loss=1.898179 diff=0.320908 coarse=3.082061 cons=0.036241
[train] fold=leave_mi_out epoch=2800 loss=1.898289 diff=0.322698 coarse=3.077435 cons=0.036874
[train] fold=leave_mi_out epoch=3000 loss=1.886365 diff=0.309525 coarse=3.083649 cons=0.035015
{
  "hier_diffusion_joint": {
    "tvd_joint_raw": {
      "mean": 0.08186098959920542,
      "std": 0.0,
      "max": 0.08186098959920542,
      "p90": 0.08186098959920542,
      "n": 1
    },
    "tvd_joint": {
      "mean": 0.07500749348505721,
      "std": 0.0,
      "max": 0.07500749348505721,
      "p90": 0.07500749348505721,
      "n": 1
    },
    "cosine_joint_raw": {
      "mean": 0.9909823180325001,
      "std": 0.0,
      "max": 0.9909823180325001,
      "p90": 0.9909823180325001,
      "n": 1
    },
    "cosine_joint": {
      "mean": 0.9926885894713658,
      "std": 0.0,
      "max": 0.9926885894713658,
      "p90": 0.9926885894713658,
      "n": 1
    },
    "tvd_coarse_head": {
      "mean": 0.03880534465931008,
      "std": 0.0,
      "max": 0.03880534465931008,
      "p90": 0.03880534465931008,
      "n": 1
    },
    "tvd_coarse_from_fine": {
      "mean": 0.040264289070892176,
      "std": 0.0,
      "max": 0.040264289070892176,
      "p90": 0.040264289070892176,
      "n": 1
    },
    "tvd_AGEP_bin": {
      "mean": 3.827943184962903e-05,
      "std": 0.0,
      "max": 3.827943184962903e-05,
      "p90": 3.827943184962903e-05,
      "n": 1
    },
    "tvd_AGEP_bin_raw": {
      "mean": 0.019827525569914378,
      "std": 0.0,
      "max": 0.019827525569914378,
      "p90": 0.019827525569914378,
      "n": 1
    },
    "tvd_SEX": {
      "mean": 9.040358084539337e-07,
      "std": 0.0,
      "max": 9.040358084539337e-07,
      "p90": 9.040358084539337e-07,
      "n": 1
    },
    "tvd_SEX_raw": {
      "mean": 0.0034068259186993267,
      "std": 0.0,
      "max": 0.0034068259186993267,
      "p90": 0.0034068259186993267,
      "n": 1
    },
    "tvd_SCHL_allpop": {
      "mean": 5.5799411729819626e-08,
      "std": 0.0,
      "max": 5.5799411729819626e-08,
      "p90": 5.5799411729819626e-08,
      "n": 1
    },
    "tvd_SCHL_allpop_raw": {
      "mean": 0.019157998125942655,
      "std": 0.0,
      "max": 0.019157998125942655,
      "p90": 0.019157998125942655,
      "n": 1
    },
    "tvd_ESR_allpop": {
      "mean": 6.35653204768235e-09,
      "std": 0.0,
      "max": 6.35653204768235e-09,
      "p90": 6.35653204768235e-09,
      "n": 1
    },
    "tvd_ESR_allpop_raw": {
      "mean": 0.013388254983462288,
      "std": 0.0,
      "max": 0.013388254983462288,
      "p90": 0.013388254983462288,
      "n": 1
    }
  },
  "baselines": {
    "ipf_train_seed_external": {
      "tvd_joint": {
        "mean": 0.08089390165644274,
        "std": 0.0,
        "max": 0.08089390165644274,
        "p90": 0.08089390165644274,
        "n": 1
      }
    },
    "independence_external": {
      "tvd_joint": {
        "mean": 0.6140983629222574,
        "std": 0.0,
        "max": 0.6140983629222574,
        "p90": 0.6140983629222574,
        "n": 1
      }
    }
  },
  "by_fold": {
    "leave_mi_out": {
      "n_eval": 68,
      "n_reference_train": 2269,
      "tvd_joint_raw": {
        "mean": 0.08186098959920542,
        "std": 0.016936440755541245,
        "max": 0.14729747762312398,
        "p90": 0.1044104355926767,
        "n": 68
      },
      "tvd_joint": {
        "mean": 0.07500749348505721,
        "std": 0.015134380127162133,
        "max": 0.11886075360208137,
        "p90": 0.09647050151371739,
        "n": 68
      },
      "cosine_joint_raw": {
        "mean": 0.9909823180325001,
        "std": 0.005052220392060731,
        "max": 0.9965025491745514,
        "p90": 0.995539591814416,
        "n": 68
      },
      "cosine_joint": {
        "mean": 0.9926885894713658,
        "std": 0.0032253316528496768,
        "max": 0.9971528061363008,
        "p90": 0.9959033276468678,
        "n": 68
      },
      "tvd_coarse_head": {
        "mean": 0.03880534465931008,
        "std": 0.011381093664537862,
        "max": 0.07898349024726772,
        "p90": 0.053971242634277834,
        "n": 68
      },
      "tvd_coarse_from_fine": {
        "mean": 0.040264289070892176,
        "std": 0.0107685392779832,
        "max": 0.07119365899575314,
        "p90": 0.056193373442266305,
        "n": 68
      },
      "ipf_train_seed_external": {
        "tvd_joint": {
          "mean": 0.08089390165644274,
          "std": 0.013850004177544159,
          "max": 0.12237108680909091,
          "p90": 0.10383173442958983,
          "n": 68
        }
      },
      "independence_external": {
        "tvd_joint": {
          "mean": 0.6140983629222574,
          "std": 0.02233287258812504,
          "max": 0.6704645363021833,
          "p90": 0.6426687551556928,
          "n": 68
        }
      },
      "tvd_AGEP_bin": {
        "mean": 3.827943184962903e-05,
        "std": 6.466017326316859e-06,
        "max": 5.456283590253835e-05,
        "p90": 4.537216184027308e-05,
        "n": 68
      },
      "tvd_AGEP_bin_raw": {
        "mean": 0.019827525569914378,
        "std": 0.01337032888227793,
        "max": 0.10857660364145784,
        "p90": 0.027768856604011856,
        "n": 68
      },
      "tvd_SEX": {
        "mean": 9.040358084539337e-07,
        "std": 3.054421751572712e-07,
        "max": 1.7210196017469759e-06,
        "p90": 1.3268274357325362e-06,
        "n": 68
      },
      "tvd_SEX_raw": {
        "mean": 0.0034068259186993267,
        "std": 0.003703136405018876,
        "max": 0.025538673575937282,
        "p90": 0.00780780302557716,
        "n": 68
      },
      "tvd_SCHL_allpop": {
        "mean": 5.5799411729819626e-08,
        "std": 1.5576978894175933e-08,
        "max": 1.0088007794395448e-07,
        "p90": 7.215928102821679e-08,
        "n": 68
      },
      "tvd_SCHL_allpop_raw": {
        "mean": 0.019157998125942655,
        "std": 0.010114392127629306,
        "max": 0.08119258126697398,
        "p90": 0.026725866326513043,
        "n": 68
      },
      "tvd_ESR_allpop": {
        "mean": 6.35653204768235e-09,
        "std": 4.087020228328412e-09,
        "max": 1.69384292833725e-08,
        "p90": 1.1725569506023723e-08,
        "n": 68
      },
      "tvd_ESR_allpop_raw": {
        "mean": 0.013388254983462288,
        "std": 0.008110745962136982,
        "max": 0.053580455825251005,
        "p90": 0.022229330868783613,
        "n": 68
      },
      "n_train": 2269,
      "n_val": 119,
      "n_test": 68
    }
  }
}
