[info] RAW_ROOT=/home/jinlin/data/geoexplicit_data
[info] DATA_ROOT=/home/jinlin/data/geoexplicit_data/synthetic_city/data
[info] TARGET_WIDE_CSV=/home/jinlin/data/geoexplicit_data/synthetic_city/data/us/processed/external_targets/exttarget_v1_full_pums_2023_puma_us_joint_wide.csv
[info] CONDITION_CSV=/home/jinlin/data/geoexplicit_data/synthetic_city/data/us/processed/external_conditions/extcond_v1_full_acs5_2022_puma_us.csv
[info] SCHEMA_JSON=/home/jinlin/data/geoexplicit_data/synthetic_city/data/us/processed/external_targets/exttarget_v1_full_pums_2023_puma_us.schema.json
[info] PYTHON_BIN=/home/jinlin/miniconda3/bin/python
[info] DEVICE=auto
[info] CMD=/home/jinlin/miniconda3/bin/python -u tools/train_external_joint_hier_diffusion_full.py --joint_wide_csv /home/jinlin/data/geoexplicit_data/synthetic_city/data/us/processed/external_targets/exttarget_v1_full_pums_2023_puma_us_joint_wide.csv --condition_csv /home/jinlin/data/geoexplicit_data/synthetic_city/data/us/processed/external_conditions/extcond_v1_full_acs5_2022_puma_us.csv --schema_json /home/jinlin/data/geoexplicit_data/synthetic_city/data/us/processed/external_targets/exttarget_v1_full_pums_2023_puma_us.schema.json --eval_mode leave_mi_out --n_folds 5 --timesteps 1000 --epochs 3000 --batch_size 512 --encoder_hidden_dims 256\,256 --coarse_hidden_dims 256 --diffusion_hidden_dims 512\,512 --latent_dim 128 --lr 1e-3 --weight_decay 1e-4 --condition_injection concat --film_hidden_dim 128 --coarse_weight 0.5 --consistency_weight 1.0 --seed 0 --log_every 200 --n_eval_joint_samples 128 --ipf_iters 200 --run_label external_joint_hier_diffusion_full --out_dir outputs/_us_puma_external_joint_hier_diffusion_full_concat_3000ep_20260325T000000Z 
[train] fold=leave_mi_out epoch=1 loss=3.899645 diff=0.992274 coarse=4.166237 cons=0.824252
[train] fold=leave_mi_out epoch=200 loss=2.401333 diff=0.438553 coarse=3.095339 cons=0.415111
[train] fold=leave_mi_out epoch=400 loss=2.353906 diff=0.402300 coarse=3.080939 cons=0.411137
[train] fold=leave_mi_out epoch=600 loss=2.341149 diff=0.401270 coarse=3.080727 cons=0.399515
[train] fold=leave_mi_out epoch=800 loss=2.254240 diff=0.367643 coarse=3.083163 cons=0.345016
[train] fold=leave_mi_out epoch=1000 loss=2.266561 diff=0.379669 coarse=3.086721 cons=0.343531
[train] fold=leave_mi_out epoch=1200 loss=2.295231 diff=0.376408 coarse=3.085554 cons=0.376046
[train] fold=leave_mi_out epoch=1400 loss=2.294769 diff=0.367729 coarse=3.083096 cons=0.385492
[train] fold=leave_mi_out epoch=1600 loss=2.247649 diff=0.356384 coarse=3.087517 cons=0.347507
[train] fold=leave_mi_out epoch=1800 loss=2.284899 diff=0.378217 coarse=3.080334 cons=0.366515
[train] fold=leave_mi_out epoch=2000 loss=2.256449 diff=0.355450 coarse=3.077018 cons=0.362491
[train] fold=leave_mi_out epoch=2200 loss=2.232351 diff=0.344059 coarse=3.085143 cons=0.345721
[train] fold=leave_mi_out epoch=2400 loss=2.259784 diff=0.364963 coarse=3.080579 cons=0.354530
[train] fold=leave_mi_out epoch=2600 loss=2.228732 diff=0.352220 coarse=3.082069 cons=0.335477
[train] fold=leave_mi_out epoch=2800 loss=2.270553 diff=0.385911 coarse=3.081071 cons=0.344107
[train] fold=leave_mi_out epoch=3000 loss=2.217757 diff=0.345955 coarse=3.076594 cons=0.333505
{
  "hier_diffusion_joint": {
    "tvd_joint_raw": {
      "mean": 0.990557793289885,
      "std": 0.0,
      "max": 0.990557793289885,
      "p90": 0.990557793289885,
      "n": 1
    },
    "tvd_joint": {
      "mean": 0.9786478212073227,
      "std": 0.0,
      "max": 0.9786478212073227,
      "p90": 0.9786478212073227,
      "n": 1
    },
    "cosine_joint_raw": {
      "mean": 0.004353626715703114,
      "std": 0.0,
      "max": 0.004353626715703114,
      "p90": 0.004353626715703114,
      "n": 1
    },
    "cosine_joint": {
      "mean": 0.021887633073017606,
      "std": 0.0,
      "max": 0.021887633073017606,
      "p90": 0.021887633073017606,
      "n": 1
    },
    "tvd_coarse_head": {
      "mean": 0.04362034862844135,
      "std": 0.0,
      "max": 0.04362034862844135,
      "p90": 0.04362034862844135,
      "n": 1
    },
    "tvd_coarse_from_fine": {
      "mean": 0.8497475909478401,
      "std": 0.0,
      "max": 0.8497475909478401,
      "p90": 0.8497475909478401,
      "n": 1
    },
    "tvd_AGEP_bin": {
      "mean": 0.00034698173281619895,
      "std": 0.0,
      "max": 0.00034698173281619895,
      "p90": 0.00034698173281619895,
      "n": 1
    },
    "tvd_AGEP_bin_raw": {
      "mean": 0.41501470579467786,
      "std": 0.0,
      "max": 0.41501470579467786,
      "p90": 0.41501470579467786,
      "n": 1
    },
    "tvd_SEX": {
      "mean": 0.00013657966961192944,
      "std": 0.0,
      "max": 0.00013657966961192944,
      "p90": 0.00013657966961192944,
      "n": 1
    },
    "tvd_SEX_raw": {
      "mean": 0.10494774440210103,
      "std": 0.0,
      "max": 0.10494774440210103,
      "p90": 0.10494774440210103,
      "n": 1
    },
    "tvd_SCHL_allpop": {
      "mean": 0.0001329818783028625,
      "std": 0.0,
      "max": 0.0001329818783028625,
      "p90": 0.0001329818783028625,
      "n": 1
    },
    "tvd_SCHL_allpop_raw": {
      "mean": 0.31993527929067167,
      "std": 0.0,
      "max": 0.31993527929067167,
      "p90": 0.31993527929067167,
      "n": 1
    },
    "tvd_ESR_allpop": {
      "mean": 6.356531889534373e-09,
      "std": 0.0,
      "max": 6.356531889534373e-09,
      "p90": 6.356531889534373e-09,
      "n": 1
    },
    "tvd_ESR_allpop_raw": {
      "mean": 0.775729336238893,
      "std": 0.0,
      "max": 0.775729336238893,
      "p90": 0.775729336238893,
      "n": 1
    }
  },
  "baselines": {
    "ipf_train_seed_external": {
      "tvd_joint": {
        "mean": 0.0808823584465411,
        "std": 0.0,
        "max": 0.0808823584465411,
        "p90": 0.0808823584465411,
        "n": 1
      }
    },
    "independence_external": {
      "tvd_joint": {
        "mean": 0.6140983629222574,
        "std": 0.0,
        "max": 0.6140983629222574,
        "p90": 0.6140983629222574,
        "n": 1
      }
    }
  },
  "by_fold": {
    "leave_mi_out": {
      "n_train": 2388,
      "n_test": 68,
      "tvd_joint_raw": {
        "mean": 0.990557793289885,
        "std": 0.0038395594885157164,
        "max": 0.9974829164789343,
        "p90": 0.9944847114160383,
        "n": 68
      },
      "tvd_joint": {
        "mean": 0.9786478212073227,
        "std": 0.014785455752267782,
        "max": 0.9965562343219603,
        "p90": 0.9949870833741298,
        "n": 68
      },
      "cosine_joint_raw": {
        "mean": 0.004353626715703114,
        "std": 0.002017324257506063,
        "max": 0.012004589879126785,
        "p90": 0.006464204248525436,
        "n": 68
      },
      "cosine_joint": {
        "mean": 0.021887633073017606,
        "std": 0.02071333545854552,
        "max": 0.10756078404707096,
        "p90": 0.04835175149564427,
        "n": 68
      },
      "tvd_coarse_head": {
        "mean": 0.04362034862844135,
        "std": 0.010187896241442866,
        "max": 0.08443679856616375,
        "p90": 0.05439418289379162,
        "n": 68
      },
      "tvd_coarse_from_fine": {
        "mean": 0.8497475909478401,
        "std": 0.04636660104186378,
        "max": 0.9451938121361093,
        "p90": 0.9058782542885159,
        "n": 68
      },
      "ipf_train_seed_external": {
        "tvd_joint": {
          "mean": 0.0808823584465411,
          "std": 0.013836738602933765,
          "max": 0.12229591764384792,
          "p90": 0.10383675822024648,
          "n": 68
        }
      },
      "independence_external": {
        "tvd_joint": {
          "mean": 0.6140983629222574,
          "std": 0.02233287258812504,
          "max": 0.6704645363021833,
          "p90": 0.6426687551556928,
          "n": 68
        }
      },
      "tvd_AGEP_bin": {
        "mean": 0.00034698173281619895,
        "std": 0.0008173735077867481,
        "max": 0.0048155873179529015,
        "p90": 0.0009215249764954406,
        "n": 68
      },
      "tvd_AGEP_bin_raw": {
        "mean": 0.41501470579467786,
        "std": 0.05175889156044196,
        "max": 0.5477141842824316,
        "p90": 0.47999289706669346,
        "n": 68
      },
      "tvd_SEX": {
        "mean": 0.00013657966961192944,
        "std": 0.00042854644587520446,
        "max": 0.0025591130885347646,
        "p90": 0.0002280676493385925,
        "n": 68
      },
      "tvd_SEX_raw": {
        "mean": 0.10494774440210103,
        "std": 0.03731295998769297,
        "max": 0.18360987213565813,
        "p90": 0.1585614508435748,
        "n": 68
      },
      "tvd_SCHL_allpop": {
        "mean": 0.0001329818783028625,
        "std": 0.00043990364113665836,
        "max": 0.003195354497753683,
        "p90": 0.0002658202670975022,
        "n": 68
      },
      "tvd_SCHL_allpop_raw": {
        "mean": 0.31993527929067167,
        "std": 0.07172150738637881,
        "max": 0.5404856952289265,
        "p90": 0.41939320566064364,
        "n": 68
      },
      "tvd_ESR_allpop": {
        "mean": 6.356531889534373e-09,
        "std": 4.087020457471586e-09,
        "max": 1.6938429320940106e-08,
        "p90": 1.1725569487794896e-08,
        "n": 68
      },
      "tvd_ESR_allpop_raw": {
        "mean": 0.775729336238893,
        "std": 0.035991688588761415,
        "max": 0.8488592169318431,
        "p90": 0.8206360464641803,
        "n": 68
      }
    }
  }
}
