[info] RAW_ROOT=/home/jinlin/data/geoexplicit_data
[info] DATA_ROOT=/home/jinlin/data/geoexplicit_data/synthetic_city/data
[info] TARGET_WIDE_CSV=/home/jinlin/data/geoexplicit_data/synthetic_city/data/us/processed/external_targets/exttarget_v1_full_pums_2023_puma_us_joint_wide.csv
[info] CONDITION_CSV=/home/jinlin/data/geoexplicit_data/synthetic_city/data/us/processed/external_conditions/extcond_v1_full_acs5_2022_puma_us.csv
[info] SCHEMA_JSON=/home/jinlin/data/geoexplicit_data/synthetic_city/data/us/processed/external_targets/exttarget_v1_full_pums_2023_puma_us.schema.json
[info] PYTHON_BIN=/home/jinlin/miniconda3/bin/python
[info] DEVICE=cuda
[info] CMD=/home/jinlin/miniconda3/bin/python -u tools/train_external_joint_hier_diffusion_full.py --joint_wide_csv /home/jinlin/data/geoexplicit_data/synthetic_city/data/us/processed/external_targets/exttarget_v1_full_pums_2023_puma_us_joint_wide.csv --condition_csv /home/jinlin/data/geoexplicit_data/synthetic_city/data/us/processed/external_conditions/extcond_v1_full_acs5_2022_puma_us.csv --schema_json /home/jinlin/data/geoexplicit_data/synthetic_city/data/us/processed/external_targets/exttarget_v1_full_pums_2023_puma_us.schema.json --eval_mode leave_mi_out --n_folds 5 --timesteps 200 --epochs 2000 --batch_size 512 --encoder_hidden_dims 256\,256 --coarse_hidden_dims 256 --diffusion_hidden_dims 512\,512 --latent_dim 128 --lr 1e-3 --weight_decay 1e-4 --condition_injection concat --film_hidden_dim 128 --coarse_weight 0.5 --consistency_weight 1.0 --seed 1 --log_every 400 --n_eval_joint_samples 64 --ipf_iters 200 --run_label external_joint_hier_diffusion_full --out_dir outputs/_us_puma_external_joint_hier_diffusion_full_concat_2000ep_s1_20260325T000000Z --device cuda 
[train] fold=leave_mi_out epoch=1 loss=3.716206 diff=0.991117 coarse=4.163561 cons=0.643309
[train] fold=leave_mi_out epoch=400 loss=1.972971 diff=0.375636 coarse=3.088366 cons=0.053152
[train] fold=leave_mi_out epoch=800 loss=1.968662 diff=0.380546 coarse=3.082355 cons=0.046939
[train] fold=leave_mi_out epoch=1200 loss=1.940421 diff=0.359379 coarse=3.078247 cons=0.041919
[train] fold=leave_mi_out epoch=1600 loss=1.919982 diff=0.336541 coarse=3.081136 cons=0.042873
[train] fold=leave_mi_out epoch=2000 loss=1.915471 diff=0.337717 coarse=3.080291 cons=0.037609
{
  "hier_diffusion_joint": {
    "tvd_joint_raw": {
      "mean": 0.09879491500212155,
      "std": 0.0,
      "max": 0.09879491500212155,
      "p90": 0.09879491500212155,
      "n": 1
    },
    "tvd_joint": {
      "mean": 0.08004590743853333,
      "std": 0.0,
      "max": 0.08004590743853333,
      "p90": 0.08004590743853333,
      "n": 1
    },
    "cosine_joint_raw": {
      "mean": 0.9872730899453257,
      "std": 0.0,
      "max": 0.9872730899453257,
      "p90": 0.9872730899453257,
      "n": 1
    },
    "cosine_joint": {
      "mean": 0.9915958063491024,
      "std": 0.0,
      "max": 0.9915958063491024,
      "p90": 0.9915958063491024,
      "n": 1
    },
    "tvd_coarse_head": {
      "mean": 0.04019017446084948,
      "std": 0.0,
      "max": 0.04019017446084948,
      "p90": 0.04019017446084948,
      "n": 1
    },
    "tvd_coarse_from_fine": {
      "mean": 0.04396428454533216,
      "std": 0.0,
      "max": 0.04396428454533216,
      "p90": 0.04396428454533216,
      "n": 1
    },
    "tvd_AGEP_bin": {
      "mean": 3.880160429405895e-05,
      "std": 0.0,
      "max": 3.880160429405895e-05,
      "p90": 3.880160429405895e-05,
      "n": 1
    },
    "tvd_AGEP_bin_raw": {
      "mean": 0.02585558664719289,
      "std": 0.0,
      "max": 0.02585558664719289,
      "p90": 0.02585558664719289,
      "n": 1
    },
    "tvd_SEX": {
      "mean": 1.1634694260442998e-06,
      "std": 0.0,
      "max": 1.1634694260442998e-06,
      "p90": 1.1634694260442998e-06,
      "n": 1
    },
    "tvd_SEX_raw": {
      "mean": 0.0066153964302453645,
      "std": 0.0,
      "max": 0.0066153964302453645,
      "p90": 0.0066153964302453645,
      "n": 1
    },
    "tvd_SCHL_allpop": {
      "mean": 6.021538293360915e-08,
      "std": 0.0,
      "max": 6.021538293360915e-08,
      "p90": 6.021538293360915e-08,
      "n": 1
    },
    "tvd_SCHL_allpop_raw": {
      "mean": 0.03660019227889368,
      "std": 0.0,
      "max": 0.03660019227889368,
      "p90": 0.03660019227889368,
      "n": 1
    },
    "tvd_ESR_allpop": {
      "mean": 6.356532041463783e-09,
      "std": 0.0,
      "max": 6.356532041463783e-09,
      "p90": 6.356532041463783e-09,
      "n": 1
    },
    "tvd_ESR_allpop_raw": {
      "mean": 0.019385802438148216,
      "std": 0.0,
      "max": 0.019385802438148216,
      "p90": 0.019385802438148216,
      "n": 1
    }
  },
  "baselines": {
    "ipf_train_seed_external": {
      "tvd_joint": {
        "mean": 0.0808823584465411,
        "std": 0.0,
        "max": 0.0808823584465411,
        "p90": 0.0808823584465411,
        "n": 1
      }
    },
    "independence_external": {
      "tvd_joint": {
        "mean": 0.6140983629222574,
        "std": 0.0,
        "max": 0.6140983629222574,
        "p90": 0.6140983629222574,
        "n": 1
      }
    }
  },
  "by_fold": {
    "leave_mi_out": {
      "n_train": 2388,
      "n_test": 68,
      "tvd_joint_raw": {
        "mean": 0.09879491500212155,
        "std": 0.014806980632290549,
        "max": 0.15571633826740455,
        "p90": 0.1153335099148515,
        "n": 68
      },
      "tvd_joint": {
        "mean": 0.08004590743853333,
        "std": 0.012919457864122973,
        "max": 0.11280025265688565,
        "p90": 0.10106754479519293,
        "n": 68
      },
      "cosine_joint_raw": {
        "mean": 0.9872730899453257,
        "std": 0.005639700367230426,
        "max": 0.9945421886426018,
        "p90": 0.9920388864123381,
        "n": 68
      },
      "cosine_joint": {
        "mean": 0.9915958063491024,
        "std": 0.0032889064190348397,
        "max": 0.9955742876391629,
        "p90": 0.9947708505217008,
        "n": 68
      },
      "tvd_coarse_head": {
        "mean": 0.04019017446084948,
        "std": 0.01113352326761592,
        "max": 0.07868389591413638,
        "p90": 0.054854044641061285,
        "n": 68
      },
      "tvd_coarse_from_fine": {
        "mean": 0.04396428454533216,
        "std": 0.010306161824776922,
        "max": 0.0677058712203964,
        "p90": 0.05655865205394983,
        "n": 68
      },
      "ipf_train_seed_external": {
        "tvd_joint": {
          "mean": 0.0808823584465411,
          "std": 0.013836738602933765,
          "max": 0.12229591764384792,
          "p90": 0.10383675822024648,
          "n": 68
        }
      },
      "independence_external": {
        "tvd_joint": {
          "mean": 0.6140983629222574,
          "std": 0.02233287258812504,
          "max": 0.6704645363021833,
          "p90": 0.6426687551556928,
          "n": 68
        }
      },
      "tvd_AGEP_bin": {
        "mean": 3.880160429405895e-05,
        "std": 8.129708047473457e-06,
        "max": 5.9516211157639026e-05,
        "p90": 4.9872280366025304e-05,
        "n": 68
      },
      "tvd_AGEP_bin_raw": {
        "mean": 0.02585558664719289,
        "std": 0.013427171913028358,
        "max": 0.10518744087370213,
        "p90": 0.03600871408019907,
        "n": 68
      },
      "tvd_SEX": {
        "mean": 1.1634694260442998e-06,
        "std": 3.7616939630118606e-07,
        "max": 2.1241333396926354e-06,
        "p90": 1.564448661711682e-06,
        "n": 68
      },
      "tvd_SEX_raw": {
        "mean": 0.0066153964302453645,
        "std": 0.003997511783099077,
        "max": 0.018749852325327804,
        "p90": 0.011123741658385198,
        "n": 68
      },
      "tvd_SCHL_allpop": {
        "mean": 6.021538293360915e-08,
        "std": 2.014690761726561e-08,
        "max": 1.1151790291208385e-07,
        "p90": 8.280641899879871e-08,
        "n": 68
      },
      "tvd_SCHL_allpop_raw": {
        "mean": 0.03660019227889368,
        "std": 0.01442585800815093,
        "max": 0.09369625116516316,
        "p90": 0.04957296862110243,
        "n": 68
      },
      "tvd_ESR_allpop": {
        "mean": 6.356532041463783e-09,
        "std": 4.0870202419918654e-09,
        "max": 1.693842935243618e-08,
        "p90": 1.1725569499834961e-08,
        "n": 68
      },
      "tvd_ESR_allpop_raw": {
        "mean": 0.019385802438148216,
        "std": 0.008591160639885274,
        "max": 0.056438632872653924,
        "p90": 0.028808950493162417,
        "n": 68
      }
    }
  }
}
