Traceback (most recent call last):
  File "/home/jinlin/projects/Synthetic_City/tools/poc_tabddpm_acs_supervised_b19037.py", line 964, in <module>
    main()
  File "/home/jinlin/projects/Synthetic_City/tools/poc_tabddpm_acs_supervised_b19037.py", line 626, in main
    df = _read_acs(acs_path, table_id="B19037")
         ^^^^^^^^^^^^^^^^^^^^^^^^^^^^^^^^^^^^^^
  File "/home/jinlin/projects/Synthetic_City/tools/poc_tabddpm_acs_supervised_b19037.py", line 434, in _read_acs
    df = pd.read_csv(path, compression="gzip", low_memory=False)
         ^^^^^^^^^^^^^^^^^^^^^^^^^^^^^^^^^^^^^^^^^^^^^^^^^^^^^^^
  File "/home/jinlin/miniconda3/envs/dpl/lib/python3.11/site-packages/pandas/io/parsers/readers.py", line 1026, in read_csv
    return _read(filepath_or_buffer, kwds)
           ^^^^^^^^^^^^^^^^^^^^^^^^^^^^^^^
  File "/home/jinlin/miniconda3/envs/dpl/lib/python3.11/site-packages/pandas/io/parsers/readers.py", line 620, in _read
    parser = TextFileReader(filepath_or_buffer, **kwds)
             ^^^^^^^^^^^^^^^^^^^^^^^^^^^^^^^^^^^^^^^^^^
  File "/home/jinlin/miniconda3/envs/dpl/lib/python3.11/site-packages/pandas/io/parsers/readers.py", line 1620, in __init__
    self._engine = self._make_engine(f, self.engine)
                   ^^^^^^^^^^^^^^^^^^^^^^^^^^^^^^^^^
  File "/home/jinlin/miniconda3/envs/dpl/lib/python3.11/site-packages/pandas/io/parsers/readers.py", line 1880, in _make_engine
    self.handles = get_handle(
                   ^^^^^^^^^^^
  File "/home/jinlin/miniconda3/envs/dpl/lib/python3.11/site-packages/pandas/io/common.py", line 765, in get_handle
    handle = gzip.GzipFile(  # type: ignore[assignment]
             ^^^^^^^^^^^^^^^^^^^^^^^^^^^^^^^^^^^^^^^^^^
  File "/home/jinlin/miniconda3/envs/dpl/lib/python3.11/gzip.py", line 174, in __init__
    fileobj = self.myfileobj = builtins.open(filename, mode or 'rb')
                               ^^^^^^^^^^^^^^^^^^^^^^^^^^^^^^^^^^^^^
FileNotFoundError: [Errno 2] No such file or directory: '/home/jinlin/data/geoexplicit_data/synthetic_city/data/detroit/raw/census/acs/acs5_2023/acs5_2023_B19037_tract_state26_county163.csv.gz'
