[info] RAW_ROOT=/home/jinlin/data/geoexplicit_data
[info] DATA_ROOT=/home/jinlin/data/geoexplicit_data/synthetic_city/data
[info] TARGET_WIDE_CSV=/home/jinlin/data/geoexplicit_data/synthetic_city/data/us/processed/external_targets/exttarget_v1_full_pums_2023_puma_us_joint_wide.csv
[info] CONDITION_CSV=/home/jinlin/data/geoexplicit_data/synthetic_city/data/us/processed/external_conditions/extcond_v1_full_acs5_2022_puma_us.csv
[info] SCHEMA_JSON=/home/jinlin/data/geoexplicit_data/synthetic_city/data/us/processed/external_targets/exttarget_v1_full_pums_2023_puma_us.schema.json
[info] PYTHON_BIN=/home/jinlin/miniconda3/bin/python
[info] DEVICE=auto
[info] EVAL_EVERY=200
[info] VAL_FRAC=0.05
[info] VAL_MIN_GROUPS=96
[info] N_VAL_JOINT_SAMPLES=32
[info] N_EVAL_JOINT_SAMPLES=64
[info] EMA_DECAY=0.999
[info] CMD=/home/jinlin/miniconda3/bin/python -u tools/train_external_joint_hier_diffusion_full.py --joint_wide_csv /home/jinlin/data/geoexplicit_data/synthetic_city/data/us/processed/external_targets/exttarget_v1_full_pums_2023_puma_us_joint_wide.csv --condition_csv /home/jinlin/data/geoexplicit_data/synthetic_city/data/us/processed/external_conditions/extcond_v1_full_acs5_2022_puma_us.csv --schema_json /home/jinlin/data/geoexplicit_data/synthetic_city/data/us/processed/external_targets/exttarget_v1_full_pums_2023_puma_us.schema.json --eval_mode leave_mi_out --n_folds 5 --timesteps 200 --epochs 3000 --batch_size 512 --encoder_hidden_dims 256\,256 --coarse_hidden_dims 256 --diffusion_hidden_dims 512\,512 --latent_dim 128 --lr 1e-3 --weight_decay 1e-4 --condition_injection concat --film_hidden_dim 128 --coarse_weight 0.5 --consistency_weight 1.0 --seed 1 --log_every 200 --eval_every 200 --val_frac 0.05 --val_min_groups 96 --n_val_joint_samples 32 --val_ipf_iters 200 --n_eval_joint_samples 64 --ipf_iters 200 --ema_decay 0.999 --run_label external_joint_hier_diffusion_full --out_dir outputs/_us_puma_external_joint_hier_diffusion_full_concat_3000ep_t200_valema_s1_20260325T082642Z --save_best_checkpoint 
[train] fold=leave_mi_out epoch=1 loss=3.714248 diff=0.993212 coarse=4.162834 cons=0.639619
[train] fold=leave_mi_out epoch=200 loss=2.027687 diff=0.421691 coarse=3.088181 cons=0.061905
[train] fold=leave_mi_out epoch=400 loss=1.962730 diff=0.365370 coarse=3.080667 cons=0.057026
[train] fold=leave_mi_out epoch=600 loss=1.955978 diff=0.361312 coarse=3.086035 cons=0.051649
[train] fold=leave_mi_out epoch=800 loss=1.961140 diff=0.371241 coarse=3.085190 cons=0.047304
[train] fold=leave_mi_out epoch=1000 loss=1.912539 diff=0.331689 coarse=3.077124 cons=0.042289
[train] fold=leave_mi_out epoch=1200 loss=1.971469 diff=0.391775 coarse=3.074188 cons=0.042600
[train] fold=leave_mi_out epoch=1400 loss=1.936883 diff=0.355588 coarse=3.082979 cons=0.039806
[train] fold=leave_mi_out epoch=1600 loss=1.906322 diff=0.317411 coarse=3.087220 cons=0.045301
[train] fold=leave_mi_out epoch=1800 loss=1.943738 diff=0.367294 coarse=3.072929 cons=0.039980
[train] fold=leave_mi_out epoch=2000 loss=1.928120 diff=0.346386 coarse=3.081249 cons=0.041110
[train] fold=leave_mi_out epoch=2200 loss=1.930070 diff=0.352762 coarse=3.080689 cons=0.036964
[train] fold=leave_mi_out epoch=2400 loss=1.898916 diff=0.324034 coarse=3.072896 cons=0.038434
[train] fold=leave_mi_out epoch=2600 loss=1.887250 diff=0.310710 coarse=3.080187 cons=0.036446
[train] fold=leave_mi_out epoch=2800 loss=1.901351 diff=0.321966 coarse=3.084681 cons=0.037045
[train] fold=leave_mi_out epoch=3000 loss=1.912771 diff=0.340373 coarse=3.075672 cons=0.034562
{
  "hier_diffusion_joint": {
    "tvd_joint_raw": {
      "mean": 0.08232001848464239,
      "std": 0.0,
      "max": 0.08232001848464239,
      "p90": 0.08232001848464239,
      "n": 1
    },
    "tvd_joint": {
      "mean": 0.07474680115106044,
      "std": 0.0,
      "max": 0.07474680115106044,
      "p90": 0.07474680115106044,
      "n": 1
    },
    "cosine_joint_raw": {
      "mean": 0.9903548223086017,
      "std": 0.0,
      "max": 0.9903548223086017,
      "p90": 0.9903548223086017,
      "n": 1
    },
    "cosine_joint": {
      "mean": 0.9926634548720422,
      "std": 0.0,
      "max": 0.9926634548720422,
      "p90": 0.9926634548720422,
      "n": 1
    },
    "tvd_coarse_head": {
      "mean": 0.039177627010205586,
      "std": 0.0,
      "max": 0.039177627010205586,
      "p90": 0.039177627010205586,
      "n": 1
    },
    "tvd_coarse_from_fine": {
      "mean": 0.04040643370565764,
      "std": 0.0,
      "max": 0.04040643370565764,
      "p90": 0.04040643370565764,
      "n": 1
    },
    "tvd_AGEP_bin": {
      "mean": 3.8049041635441244e-05,
      "std": 0.0,
      "max": 3.8049041635441244e-05,
      "p90": 3.8049041635441244e-05,
      "n": 1
    },
    "tvd_AGEP_bin_raw": {
      "mean": 0.02208883738402554,
      "std": 0.0,
      "max": 0.02208883738402554,
      "p90": 0.02208883738402554,
      "n": 1
    },
    "tvd_SEX": {
      "mean": 9.87828675810657e-07,
      "std": 0.0,
      "max": 9.87828675810657e-07,
      "p90": 9.87828675810657e-07,
      "n": 1
    },
    "tvd_SEX_raw": {
      "mean": 0.0031192466306730633,
      "std": 0.0,
      "max": 0.0031192466306730633,
      "p90": 0.0031192466306730633,
      "n": 1
    },
    "tvd_SCHL_allpop": {
      "mean": 5.8372085612762546e-08,
      "std": 0.0,
      "max": 5.8372085612762546e-08,
      "p90": 5.8372085612762546e-08,
      "n": 1
    },
    "tvd_SCHL_allpop_raw": {
      "mean": 0.020518666645486544,
      "std": 0.0,
      "max": 0.020518666645486544,
      "p90": 0.020518666645486544,
      "n": 1
    },
    "tvd_ESR_allpop": {
      "mean": 6.3565320391277655e-09,
      "std": 0.0,
      "max": 6.3565320391277655e-09,
      "p90": 6.3565320391277655e-09,
      "n": 1
    },
    "tvd_ESR_allpop_raw": {
      "mean": 0.01198312487135688,
      "std": 0.0,
      "max": 0.01198312487135688,
      "p90": 0.01198312487135688,
      "n": 1
    }
  },
  "baselines": {
    "ipf_train_seed_external": {
      "tvd_joint": {
        "mean": 0.0808523547372096,
        "std": 0.0,
        "max": 0.0808523547372096,
        "p90": 0.0808523547372096,
        "n": 1
      }
    },
    "independence_external": {
      "tvd_joint": {
        "mean": 0.6140983629222574,
        "std": 0.0,
        "max": 0.6140983629222574,
        "p90": 0.6140983629222574,
        "n": 1
      }
    }
  },
  "by_fold": {
    "leave_mi_out": {
      "n_eval": 68,
      "n_reference_train": 2269,
      "tvd_joint_raw": {
        "mean": 0.08232001848464239,
        "std": 0.017303348723029695,
        "max": 0.15616466129270595,
        "p90": 0.10598372802550167,
        "n": 68
      },
      "tvd_joint": {
        "mean": 0.07474680115106044,
        "std": 0.014440624585748305,
        "max": 0.11455831294648515,
        "p90": 0.09695568138036209,
        "n": 68
      },
      "cosine_joint_raw": {
        "mean": 0.9903548223086017,
        "std": 0.005971850669710924,
        "max": 0.9962766753054036,
        "p90": 0.9953632913058097,
        "n": 68
      },
      "cosine_joint": {
        "mean": 0.9926634548720422,
        "std": 0.003177073868908957,
        "max": 0.9970226672577472,
        "p90": 0.9960019476096277,
        "n": 68
      },
      "tvd_coarse_head": {
        "mean": 0.039177627010205586,
        "std": 0.01136378771859681,
        "max": 0.07692064041390725,
        "p90": 0.05396259928917578,
        "n": 68
      },
      "tvd_coarse_from_fine": {
        "mean": 0.04040643370565764,
        "std": 0.011170058845718023,
        "max": 0.0656740652022761,
        "p90": 0.05563987559362172,
        "n": 68
      },
      "ipf_train_seed_external": {
        "tvd_joint": {
          "mean": 0.0808523547372096,
          "std": 0.01385247777658994,
          "max": 0.12239606070788714,
          "p90": 0.10381806674054583,
          "n": 68
        }
      },
      "independence_external": {
        "tvd_joint": {
          "mean": 0.6140983629222574,
          "std": 0.02233287258812504,
          "max": 0.6704645363021833,
          "p90": 0.6426687551556928,
          "n": 68
        }
      },
      "tvd_AGEP_bin": {
        "mean": 3.8049041635441244e-05,
        "std": 6.535748756140435e-06,
        "max": 5.302909971566759e-05,
        "p90": 4.654946915508898e-05,
        "n": 68
      },
      "tvd_AGEP_bin_raw": {
        "mean": 0.02208883738402554,
        "std": 0.013935746222278445,
        "max": 0.10796833177155618,
        "p90": 0.031116961864277756,
        "n": 68
      },
      "tvd_SEX": {
        "mean": 9.87828675810657e-07,
        "std": 3.0435323844500156e-07,
        "max": 1.9714000079884553e-06,
        "p90": 1.341763400194984e-06,
        "n": 68
      },
      "tvd_SEX_raw": {
        "mean": 0.0031192466306730633,
        "std": 0.002857963282817856,
        "max": 0.012858654670729636,
        "p90": 0.005764062999365625,
        "n": 68
      },
      "tvd_SCHL_allpop": {
        "mean": 5.8372085612762546e-08,
        "std": 1.7457517965720625e-08,
        "max": 1.2171823893930567e-07,
        "p90": 7.89538866806383e-08,
        "n": 68
      },
      "tvd_SCHL_allpop_raw": {
        "mean": 0.020518666645486544,
        "std": 0.010426732170731087,
        "max": 0.08158965339941841,
        "p90": 0.029118215718974366,
        "n": 68
      },
      "tvd_ESR_allpop": {
        "mean": 6.3565320391277655e-09,
        "std": 4.087020238437914e-09,
        "max": 1.6938429324843234e-08,
        "p90": 1.1725569448192378e-08,
        "n": 68
      },
      "tvd_ESR_allpop_raw": {
        "mean": 0.01198312487135688,
        "std": 0.008648942229634476,
        "max": 0.06039480773785523,
        "p90": 0.02266781057955491,
        "n": 68
      },
      "n_train": 2269,
      "n_val": 119,
      "n_test": 68
    }
  }
}
