[info] RAW_ROOT=/home/jinlin/data/geoexplicit_data
[info] DATA_ROOT=/home/jinlin/data/geoexplicit_data/synthetic_city/data
[info] TARGET_WIDE_CSV=/home/jinlin/data/geoexplicit_data/synthetic_city/data/us/processed/external_targets/exttarget_v1_full_pums_2023_puma_us_joint_wide.csv
[info] CONDITION_CSV=/home/jinlin/data/geoexplicit_data/synthetic_city/data/us/processed/external_conditions/extcond_v1_full_acs5_2022_puma_us.csv
[info] SCHEMA_JSON=/home/jinlin/data/geoexplicit_data/synthetic_city/data/us/processed/external_targets/exttarget_v1_full_pums_2023_puma_us.schema.json
[info] PYTHON_BIN=/home/jinlin/miniconda3/bin/python
[info] DEVICE=cuda
[info] CMD=/home/jinlin/miniconda3/bin/python -u tools/train_external_joint_hier_diffusion_full.py --joint_wide_csv /home/jinlin/data/geoexplicit_data/synthetic_city/data/us/processed/external_targets/exttarget_v1_full_pums_2023_puma_us_joint_wide.csv --condition_csv /home/jinlin/data/geoexplicit_data/synthetic_city/data/us/processed/external_conditions/extcond_v1_full_acs5_2022_puma_us.csv --schema_json /home/jinlin/data/geoexplicit_data/synthetic_city/data/us/processed/external_targets/exttarget_v1_full_pums_2023_puma_us.schema.json --eval_mode leave_mi_out --n_folds 5 --timesteps 200 --epochs 2000 --batch_size 512 --encoder_hidden_dims 256\,256 --coarse_hidden_dims 256 --diffusion_hidden_dims 512\,512 --latent_dim 128 --lr 1e-3 --weight_decay 1e-4 --condition_injection concat --film_hidden_dim 128 --coarse_weight 0.5 --consistency_weight 1.0 --seed 0 --log_every 400 --n_eval_joint_samples 64 --ipf_iters 200 --run_label external_joint_hier_diffusion_full --out_dir outputs/_us_puma_external_joint_hier_diffusion_full_concat_2000ep_20260325T000000Z --device cuda 
[train] fold=leave_mi_out epoch=1 loss=3.728451 diff=0.997179 coarse=4.166771 cons=0.647887
[train] fold=leave_mi_out epoch=400 loss=1.975869 diff=0.385812 coarse=3.079522 cons=0.050296
[train] fold=leave_mi_out epoch=800 loss=1.946519 diff=0.364478 coarse=3.081653 cons=0.041214
[train] fold=leave_mi_out epoch=1200 loss=1.916654 diff=0.331325 coarse=3.082439 cons=0.044110
[train] fold=leave_mi_out epoch=1600 loss=1.926417 diff=0.345166 coarse=3.085577 cons=0.038463
[train] fold=leave_mi_out epoch=2000 loss=1.906718 diff=0.333885 coarse=3.074791 cons=0.035438
{
  "hier_diffusion_joint": {
    "tvd_joint_raw": {
      "mean": 0.08762706389766543,
      "std": 0.0,
      "max": 0.08762706389766543,
      "p90": 0.08762706389766543,
      "n": 1
    },
    "tvd_joint": {
      "mean": 0.07826156086611659,
      "std": 0.0,
      "max": 0.07826156086611659,
      "p90": 0.07826156086611659,
      "n": 1
    },
    "cosine_joint_raw": {
      "mean": 0.9890796849161546,
      "std": 0.0,
      "max": 0.9890796849161546,
      "p90": 0.9890796849161546,
      "n": 1
    },
    "cosine_joint": {
      "mean": 0.9920253426459236,
      "std": 0.0,
      "max": 0.9920253426459236,
      "p90": 0.9920253426459236,
      "n": 1
    },
    "tvd_coarse_head": {
      "mean": 0.04029132788124469,
      "std": 0.0,
      "max": 0.04029132788124469,
      "p90": 0.04029132788124469,
      "n": 1
    },
    "tvd_coarse_from_fine": {
      "mean": 0.04243114026684913,
      "std": 0.0,
      "max": 0.04243114026684913,
      "p90": 0.04243114026684913,
      "n": 1
    },
    "tvd_AGEP_bin": {
      "mean": 3.803016377964809e-05,
      "std": 0.0,
      "max": 3.803016377964809e-05,
      "p90": 3.803016377964809e-05,
      "n": 1
    },
    "tvd_AGEP_bin_raw": {
      "mean": 0.025079569423269783,
      "std": 0.0,
      "max": 0.025079569423269783,
      "p90": 0.025079569423269783,
      "n": 1
    },
    "tvd_SEX": {
      "mean": 1.277379470657611e-06,
      "std": 0.0,
      "max": 1.277379470657611e-06,
      "p90": 1.277379470657611e-06,
      "n": 1
    },
    "tvd_SEX_raw": {
      "mean": 0.004883289976729669,
      "std": 0.0,
      "max": 0.004883289976729669,
      "p90": 0.004883289976729669,
      "n": 1
    },
    "tvd_SCHL_allpop": {
      "mean": 5.9009078277273225e-08,
      "std": 0.0,
      "max": 5.9009078277273225e-08,
      "p90": 5.9009078277273225e-08,
      "n": 1
    },
    "tvd_SCHL_allpop_raw": {
      "mean": 0.02420867593485847,
      "std": 0.0,
      "max": 0.02420867593485847,
      "p90": 0.02420867593485847,
      "n": 1
    },
    "tvd_ESR_allpop": {
      "mean": 6.356532039767724e-09,
      "std": 0.0,
      "max": 6.356532039767724e-09,
      "p90": 6.356532039767724e-09,
      "n": 1
    },
    "tvd_ESR_allpop_raw": {
      "mean": 0.017237136531626313,
      "std": 0.0,
      "max": 0.017237136531626313,
      "p90": 0.017237136531626313,
      "n": 1
    }
  },
  "baselines": {
    "ipf_train_seed_external": {
      "tvd_joint": {
        "mean": 0.0808823584465411,
        "std": 0.0,
        "max": 0.0808823584465411,
        "p90": 0.0808823584465411,
        "n": 1
      }
    },
    "independence_external": {
      "tvd_joint": {
        "mean": 0.6140983629222574,
        "std": 0.0,
        "max": 0.6140983629222574,
        "p90": 0.6140983629222574,
        "n": 1
      }
    }
  },
  "by_fold": {
    "leave_mi_out": {
      "n_train": 2388,
      "n_test": 68,
      "tvd_joint_raw": {
        "mean": 0.08762706389766543,
        "std": 0.016226698460100598,
        "max": 0.15242860787045284,
        "p90": 0.10968026461216834,
        "n": 68
      },
      "tvd_joint": {
        "mean": 0.07826156086611659,
        "std": 0.013851467955960279,
        "max": 0.11770051018137603,
        "p90": 0.09881628683009834,
        "n": 68
      },
      "cosine_joint_raw": {
        "mean": 0.9890796849161546,
        "std": 0.005795978393106508,
        "max": 0.9950831774420151,
        "p90": 0.9937632718622201,
        "n": 68
      },
      "cosine_joint": {
        "mean": 0.9920253426459236,
        "std": 0.0031965692533445188,
        "max": 0.996370838874309,
        "p90": 0.9947860355059113,
        "n": 68
      },
      "tvd_coarse_head": {
        "mean": 0.04029132788124469,
        "std": 0.0113496548541092,
        "max": 0.07640589379873577,
        "p90": 0.05639397225726697,
        "n": 68
      },
      "tvd_coarse_from_fine": {
        "mean": 0.04243114026684913,
        "std": 0.009992834277309485,
        "max": 0.06417296090682809,
        "p90": 0.05721146474446073,
        "n": 68
      },
      "ipf_train_seed_external": {
        "tvd_joint": {
          "mean": 0.0808823584465411,
          "std": 0.013836738602933765,
          "max": 0.12229591764384792,
          "p90": 0.10383675822024648,
          "n": 68
        }
      },
      "independence_external": {
        "tvd_joint": {
          "mean": 0.6140983629222574,
          "std": 0.02233287258812504,
          "max": 0.6704645363021833,
          "p90": 0.6426687551556928,
          "n": 68
        }
      },
      "tvd_AGEP_bin": {
        "mean": 3.803016377964809e-05,
        "std": 6.047373700020882e-06,
        "max": 5.2549423783966945e-05,
        "p90": 4.626934174051254e-05,
        "n": 68
      },
      "tvd_AGEP_bin_raw": {
        "mean": 0.025079569423269783,
        "std": 0.01483209327847393,
        "max": 0.11090463077014054,
        "p90": 0.034202955695855616,
        "n": 68
      },
      "tvd_SEX": {
        "mean": 1.277379470657611e-06,
        "std": 3.173385971560916e-07,
        "max": 2.2501589194423577e-06,
        "p90": 1.702998945951606e-06,
        "n": 68
      },
      "tvd_SEX_raw": {
        "mean": 0.004883289976729669,
        "std": 0.0033072083344524274,
        "max": 0.01736300938601984,
        "p90": 0.008612354538625794,
        "n": 68
      },
      "tvd_SCHL_allpop": {
        "mean": 5.9009078277273225e-08,
        "std": 1.5136729593654074e-08,
        "max": 9.055046542444378e-08,
        "p90": 7.566010373563637e-08,
        "n": 68
      },
      "tvd_SCHL_allpop_raw": {
        "mean": 0.02420867593485847,
        "std": 0.010111665557161899,
        "max": 0.08262392699696275,
        "p90": 0.03418240676036996,
        "n": 68
      },
      "tvd_ESR_allpop": {
        "mean": 6.356532039767724e-09,
        "std": 4.087020226093435e-09,
        "max": 1.693842927789728e-08,
        "p90": 1.1725569467788656e-08,
        "n": 68
      },
      "tvd_ESR_allpop_raw": {
        "mean": 0.017237136531626313,
        "std": 0.008908140376124573,
        "max": 0.05147479931944207,
        "p90": 0.027676709420910516,
        "n": 68
      }
    }
  }
}
