/home/jinlin/projects/Synthetic_City/tools/exp4_end_to_end_l1_l2.py:254: UserWarning: Geometry is in a geographic CRS. Results from 'centroid' are likely incorrect. Use 'GeoSeries.to_crs()' to re-project geometries to a projected CRS before this operation.

  bg_cent["geometry"] = bg_cent.geometry.centroid
Traceback (most recent call last):
  File "/home/jinlin/projects/Synthetic_City/tools/exp4_end_to_end_l1_l2.py", line 661, in <module>
    main()
  File "/home/jinlin/projects/Synthetic_City/tools/exp4_end_to_end_l1_l2.py", line 445, in main
    puma_stats, puma_stat_cols = _build_puma_stats(pums_df=ref.rename(columns={"puma": "PUMA"}), puma_col="PUMA", wcol="PWGTP")
                                 ^^^^^^^^^^^^^^^^^^^^^^^^^^^^^^^^^^^^^^^^^^^^^^^^^^^^^^^^^^^^^^^^^^^^^^^^^^^^^^^^^^^^^^^^^^^^^^
  File "/home/jinlin/projects/Synthetic_City/tools/exp4_end_to_end_l1_l2.py", line 287, in _build_puma_stats
    for puma, g in d.groupby(puma_col, sort=False):
                   ^^^^^^^^^^^^^^^^^^^^^^^^^^^^^^^
  File "/home/jinlin/miniconda3/envs/dpl/lib/python3.11/site-packages/pandas/core/frame.py", line 9190, in groupby
    return DataFrameGroupBy(
           ^^^^^^^^^^^^^^^^^
  File "/home/jinlin/miniconda3/envs/dpl/lib/python3.11/site-packages/pandas/core/groupby/groupby.py", line 1330, in __init__
    grouper, exclusions, obj = get_grouper(
                               ^^^^^^^^^^^^
  File "/home/jinlin/miniconda3/envs/dpl/lib/python3.11/site-packages/pandas/core/groupby/grouper.py", line 1038, in get_grouper
    raise ValueError(f"Grouper for '{name}' not 1-dimensional")
ValueError: Grouper for 'PUMA' not 1-dimensional
