[train] step=200 loss=0.174523
[train] step=400 loss=0.150541
[train] step=600 loss=0.149130
[train] step=800 loss=0.145798
[train] step=1000 loss=0.137523
[train] step=1200 loss=0.136127
[train] step=1400 loss=0.130410
[train] step=1600 loss=0.128085
[train] step=1800 loss=0.119108
[train] step=2000 loss=0.106781
[train] step=2200 loss=0.099252
[train] step=2400 loss=0.088112
[train] step=2600 loss=0.086456
[train] step=2800 loss=0.080065
[train] step=3000 loss=0.073513
[train] step=3200 loss=0.073866
[train] step=3400 loss=0.068151
[train] step=3600 loss=0.067669
[train] step=3800 loss=0.066444
[train] step=4000 loss=0.063429
[train] step=4200 loss=0.061028
[train] step=4400 loss=0.058620
[train] step=4600 loss=0.059583
[train] step=4800 loss=0.058234
[train] step=5000 loss=0.056012
[train] step=5200 loss=0.054714
[train] step=5400 loss=0.053576
[train] step=5600 loss=0.053286
[train] step=5800 loss=0.052305
[train] step=6000 loss=0.051105
[train] step=6200 loss=0.050466
[train] step=6400 loss=0.047622
[train] step=6600 loss=0.049405
[train] step=6800 loss=0.047431
[train] step=7000 loss=0.045490
[train] step=7200 loss=0.045680
[train] step=7400 loss=0.047073
[train] step=7600 loss=0.047677
[train] step=7800 loss=0.048640
[train] step=8000 loss=0.047374
[train] step=8200 loss=0.046546
[train] step=8400 loss=0.044211
[train] step=8600 loss=0.044747
[train] step=8800 loss=0.043578
[train] step=9000 loss=0.044105
[train] step=9200 loss=0.045030
[train] step=9400 loss=0.042306
[train] step=9600 loss=0.042512
[train] step=9800 loss=0.042666
[train] step=200 loss=0.174523
[train] step=400 loss=0.150541
[train] step=600 loss=0.149130
[train] step=800 loss=0.145798
[train] step=1000 loss=0.137523
[train] step=1200 loss=0.136127
[train] step=1400 loss=0.130410
[train] step=1600 loss=0.128085
[train] step=1800 loss=0.119108
[train] step=2000 loss=0.106781
[train] step=2200 loss=0.099252
[train] step=2400 loss=0.088112
[train] step=2600 loss=0.086456
[train] step=2800 loss=0.080065
[train] step=3000 loss=0.073513
[train] step=3200 loss=0.073866
[train] step=3400 loss=0.068151
[train] step=3600 loss=0.067669
[train] step=3800 loss=0.066444
[train] step=4000 loss=0.063429
[train] step=4200 loss=0.061028
[train] step=4400 loss=0.058620
[train] step=4600 loss=0.059583
[train] step=4800 loss=0.058234
[train] step=5000 loss=0.056012
[train] step=5200 loss=0.054714
[train] step=5400 loss=0.053576
[train] step=5600 loss=0.053286
[train] step=5800 loss=0.052305
[train] step=6000 loss=0.051105
[train] step=6200 loss=0.050466
[train] step=6400 loss=0.047622
[train] step=6600 loss=0.049405
[train] step=6800 loss=0.047431
[train] step=7000 loss=0.045490
[train] step=7200 loss=0.045680
[train] step=7400 loss=0.047073
[train] step=7600 loss=0.047677
[train] step=7800 loss=0.048640
[train] step=8000 loss=0.047374
[train] step=8200 loss=0.046546
[train] step=8400 loss=0.044211
[train] step=8600 loss=0.044747
[train] step=8800 loss=0.043578
[train] step=9000 loss=0.044105
[train] step=9200 loss=0.045030
[train] step=9400 loss=0.042306
[train] step=9600 loss=0.042512
[train] step=9800 loss=0.042666
[train] step=200 loss=0.174523
[train] step=400 loss=0.150541
[train] step=600 loss=0.149130
[train] step=800 loss=0.145798
[train] step=1000 loss=0.137523
[train] step=1200 loss=0.136127
[train] step=1400 loss=0.130410
[train] step=1600 loss=0.128085
[train] step=1800 loss=0.119108
[train] step=2000 loss=0.106781
[train] step=2200 loss=0.099252
[train] step=2400 loss=0.088112
[train] step=2600 loss=0.086456
[train] step=2800 loss=0.080065
[train] step=3000 loss=0.073513
[train] step=3200 loss=0.073866
[train] step=3400 loss=0.068151
[train] step=3600 loss=0.067669
[train] step=3800 loss=0.066444
[train] step=4000 loss=0.063429
[train] step=4200 loss=0.061028
[train] step=4400 loss=0.058620
[train] step=4600 loss=0.059583
[train] step=4800 loss=0.058234
[train] step=5000 loss=0.056012
[train] step=5200 loss=0.054714
[train] step=5400 loss=0.053576
[train] step=5600 loss=0.053286
[train] step=5800 loss=0.052305
[train] step=6000 loss=0.051105
[train] step=6200 loss=0.050466
[train] step=6400 loss=0.047622
[train] step=6600 loss=0.049405
[train] step=6800 loss=0.047431
[train] step=7000 loss=0.045490
[train] step=7200 loss=0.045680
[train] step=7400 loss=0.047073
[train] step=7600 loss=0.047677
[train] step=7800 loss=0.048640
[train] step=8000 loss=0.047374
[train] step=8200 loss=0.046546
[train] step=8400 loss=0.044211
[train] step=8600 loss=0.044747
[train] step=8800 loss=0.043578
[train] step=9000 loss=0.044105
[train] step=9200 loss=0.045030
[train] step=9400 loss=0.042306
[train] step=9600 loss=0.042512
[train] step=9800 loss=0.042666
[train] step=200 loss=0.174523
[train] step=400 loss=0.150541
[train] step=600 loss=0.149130
[train] step=800 loss=0.145798
[train] step=1000 loss=0.137523
[train] step=1200 loss=0.136127
[train] step=1400 loss=0.130410
[train] step=1600 loss=0.128085
[train] step=1800 loss=0.119108
[train] step=2000 loss=0.106781
[train] step=2200 loss=0.099252
[train] step=2400 loss=0.088112
[train] step=2600 loss=0.086456
[train] step=2800 loss=0.080065
[train] step=3000 loss=0.073513
[train] step=3200 loss=0.073866
[train] step=3400 loss=0.068151
[train] step=3600 loss=0.067669
[train] step=3800 loss=0.066444
[train] step=4000 loss=0.063429
[train] step=4200 loss=0.061028
[train] step=4400 loss=0.058620
[train] step=4600 loss=0.059583
[train] step=4800 loss=0.058234
[train] step=5000 loss=0.056012
[train] step=5200 loss=0.054714
[train] step=5400 loss=0.053576
[train] step=5600 loss=0.053286
[train] step=5800 loss=0.052305
[train] step=6000 loss=0.051105
[train] step=6200 loss=0.050466
[train] step=6400 loss=0.047622
[train] step=6600 loss=0.049405
[train] step=6800 loss=0.047431
[train] step=7000 loss=0.045490
[train] step=7200 loss=0.045680
[train] step=7400 loss=0.047073
[train] step=7600 loss=0.047677
[train] step=7800 loss=0.048640
[train] step=8000 loss=0.047374
[train] step=8200 loss=0.046546
[train] step=8400 loss=0.044211
[train] step=8600 loss=0.044747
[train] step=8800 loss=0.043578
[train] step=9000 loss=0.044105
[train] step=9200 loss=0.045030
[train] step=9400 loss=0.042306
[train] step=9600 loss=0.042512
[train] step=9800 loss=0.042666
/home/jinlin/projects/Synthetic_City/tools/exp2_attribute_extension.py:361: RuntimeWarning: Mean of empty slice.
  mu = float(income_log.mean())
/home/jinlin/miniconda3/envs/dpl/lib/python3.11/site-packages/numpy/_core/_methods.py:145: RuntimeWarning: invalid value encountered in divide
  ret = ret.dtype.type(ret / rcount)
/home/jinlin/miniconda3/envs/dpl/lib/python3.11/site-packages/numpy/_core/_methods.py:223: RuntimeWarning: Degrees of freedom <= 0 for slice
  ret = _var(a, axis=axis, dtype=dtype, out=out, ddof=ddof,
/home/jinlin/miniconda3/envs/dpl/lib/python3.11/site-packages/numpy/_core/_methods.py:181: RuntimeWarning: invalid value encountered in divide
  arrmean = um.true_divide(arrmean, div, out=arrmean,
/home/jinlin/miniconda3/envs/dpl/lib/python3.11/site-packages/numpy/_core/_methods.py:215: RuntimeWarning: invalid value encountered in divide
  ret = ret.dtype.type(ret / rcount)
Traceback (most recent call last):
  File "/home/jinlin/projects/Synthetic_City/tools/exp2_attribute_extension.py", line 725, in <module>
    main()
  File "/home/jinlin/projects/Synthetic_City/tools/exp2_attribute_extension.py", line 645, in main
    gen = _decode_samples(x_hat=x_hat, enc_target=enc, decode_meta=decode_meta)
          ^^^^^^^^^^^^^^^^^^^^^^^^^^^^^^^^^^^^^^^^^^^^^^^^^^^^^^^^^^^^^^^^^^^^^
  File "/home/jinlin/projects/Synthetic_City/tools/exp2_attribute_extension.py", line 408, in _decode_samples
    schl = [enc_target.schl_cats[int(i)] for i in schl_idx]
           ^^^^^^^^^^^^^^^^^^^^^^^^^^^^^^^^^^^^^^^^^^^^^^^^
  File "/home/jinlin/projects/Synthetic_City/tools/exp2_attribute_extension.py", line 408, in <listcomp>
    schl = [enc_target.schl_cats[int(i)] for i in schl_idx]
            ~~~~~~~~~~~~~~~~~~~~^^^^^^^^
IndexError: list index out of range
