[info] RAW_ROOT=/home/jinlin/data/geoexplicit_data
[info] DATA_ROOT=/home/jinlin/data/geoexplicit_data/synthetic_city/data
[info] TARGET_WIDE_CSV=/home/jinlin/data/geoexplicit_data/synthetic_city/data/us/processed/external_targets/exttarget_v1_full_pums_2023_puma_us_joint_wide.csv
[info] CONDITION_CSV=/home/jinlin/data/geoexplicit_data/synthetic_city/data/us/processed/external_conditions/extcond_v1_full_acs5_2022_puma_us.csv
[info] SCHEMA_JSON=/home/jinlin/data/geoexplicit_data/synthetic_city/data/us/processed/external_targets/exttarget_v1_full_pums_2023_puma_us.schema.json
[info] PYTHON_BIN=/home/jinlin/miniconda3/bin/python
[info] DEVICE=auto
[info] EVAL_EVERY=200
[info] VAL_FRAC=0.05
[info] VAL_MIN_GROUPS=96
[info] N_VAL_JOINT_SAMPLES=32
[info] N_EVAL_JOINT_SAMPLES=64
[info] EMA_DECAY=0.999
[info] CMD=/home/jinlin/miniconda3/bin/python -u tools/train_external_joint_hier_diffusion_full.py --joint_wide_csv /home/jinlin/data/geoexplicit_data/synthetic_city/data/us/processed/external_targets/exttarget_v1_full_pums_2023_puma_us_joint_wide.csv --condition_csv /home/jinlin/data/geoexplicit_data/synthetic_city/data/us/processed/external_conditions/extcond_v1_full_acs5_2022_puma_us.csv --schema_json /home/jinlin/data/geoexplicit_data/synthetic_city/data/us/processed/external_targets/exttarget_v1_full_pums_2023_puma_us.schema.json --eval_mode leave_mi_out --n_folds 5 --timesteps 200 --epochs 4000 --batch_size 512 --encoder_hidden_dims 256\,256 --coarse_hidden_dims 256 --diffusion_hidden_dims 512\,512 --latent_dim 128 --lr 1e-3 --weight_decay 1e-4 --condition_injection concat --film_hidden_dim 128 --coarse_weight 0.5 --consistency_weight 1.0 --seed 0 --log_every 200 --eval_every 200 --val_frac 0.05 --val_min_groups 96 --n_val_joint_samples 32 --val_ipf_iters 200 --n_eval_joint_samples 64 --ipf_iters 200 --ema_decay 0.999 --run_label external_joint_hier_diffusion_full --out_dir outputs/_us_puma_external_joint_hier_diffusion_full_concat_4000ep_t200_valema_20260325T082642Z --save_best_checkpoint 
[train] fold=leave_mi_out epoch=1 loss=3.729943 diff=0.999218 coarse=4.167802 cons=0.646824
[train] fold=leave_mi_out epoch=200 loss=2.068093 diff=0.462213 coarse=3.087219 cons=0.062270
[train] fold=leave_mi_out epoch=400 loss=2.023398 diff=0.431195 coarse=3.085906 cons=0.049250
[train] fold=leave_mi_out epoch=600 loss=1.952130 diff=0.366887 coarse=3.079043 cons=0.045722
[train] fold=leave_mi_out epoch=800 loss=1.956694 diff=0.374405 coarse=3.079619 cons=0.042480
[train] fold=leave_mi_out epoch=1000 loss=1.965048 diff=0.387098 coarse=3.074460 cons=0.040719
[train] fold=leave_mi_out epoch=1200 loss=1.939361 diff=0.359192 coarse=3.078707 cons=0.040815
[train] fold=leave_mi_out epoch=1400 loss=1.948304 diff=0.371028 coarse=3.072930 cons=0.040811
[train] fold=leave_mi_out epoch=1600 loss=1.924232 diff=0.343278 coarse=3.080059 cons=0.040925
[train] fold=leave_mi_out epoch=1800 loss=1.906144 diff=0.327177 coarse=3.078799 cons=0.039567
[train] fold=leave_mi_out epoch=2000 loss=1.918927 diff=0.336897 coarse=3.085070 cons=0.039495
[train] fold=leave_mi_out epoch=2200 loss=1.910545 diff=0.335433 coarse=3.071662 cons=0.039281
[train] fold=leave_mi_out epoch=2400 loss=1.876264 diff=0.300411 coarse=3.081217 cons=0.035244
[train] fold=leave_mi_out epoch=2600 loss=1.898179 diff=0.320908 coarse=3.082061 cons=0.036241
[train] fold=leave_mi_out epoch=2800 loss=1.898289 diff=0.322698 coarse=3.077435 cons=0.036874
[train] fold=leave_mi_out epoch=3000 loss=1.886365 diff=0.309525 coarse=3.083649 cons=0.035015
[train] fold=leave_mi_out epoch=3200 loss=1.888836 diff=0.315693 coarse=3.078619 cons=0.033833
[train] fold=leave_mi_out epoch=3400 loss=1.871997 diff=0.302337 coarse=3.073264 cons=0.033028
[train] fold=leave_mi_out epoch=3600 loss=1.881523 diff=0.305588 coarse=3.083276 cons=0.034297
[train] fold=leave_mi_out epoch=3800 loss=1.877896 diff=0.302980 coarse=3.081913 cons=0.033959
[train] fold=leave_mi_out epoch=4000 loss=1.857854 diff=0.284826 coarse=3.075891 cons=0.035083
{
  "hier_diffusion_joint": {
    "tvd_joint_raw": {
      "mean": 0.0814678771285326,
      "std": 0.0,
      "max": 0.0814678771285326,
      "p90": 0.0814678771285326,
      "n": 1
    },
    "tvd_joint": {
      "mean": 0.07513160914471732,
      "std": 0.0,
      "max": 0.07513160914471732,
      "p90": 0.07513160914471732,
      "n": 1
    },
    "cosine_joint_raw": {
      "mean": 0.9913478775696369,
      "std": 0.0,
      "max": 0.9913478775696369,
      "p90": 0.9913478775696369,
      "n": 1
    },
    "cosine_joint": {
      "mean": 0.9926476277431934,
      "std": 0.0,
      "max": 0.9926476277431934,
      "p90": 0.9926476277431934,
      "n": 1
    },
    "tvd_coarse_head": {
      "mean": 0.03845603412503795,
      "std": 0.0,
      "max": 0.03845603412503795,
      "p90": 0.03845603412503795,
      "n": 1
    },
    "tvd_coarse_from_fine": {
      "mean": 0.03985142605569249,
      "std": 0.0,
      "max": 0.03985142605569249,
      "p90": 0.03985142605569249,
      "n": 1
    },
    "tvd_AGEP_bin": {
      "mean": 3.712322117163316e-05,
      "std": 0.0,
      "max": 3.712322117163316e-05,
      "p90": 3.712322117163316e-05,
      "n": 1
    },
    "tvd_AGEP_bin_raw": {
      "mean": 0.016935484064633483,
      "std": 0.0,
      "max": 0.016935484064633483,
      "p90": 0.016935484064633483,
      "n": 1
    },
    "tvd_SEX": {
      "mean": 8.979257405807099e-07,
      "std": 0.0,
      "max": 8.979257405807099e-07,
      "p90": 8.979257405807099e-07,
      "n": 1
    },
    "tvd_SEX_raw": {
      "mean": 0.0037292869098992727,
      "std": 0.0,
      "max": 0.0037292869098992727,
      "p90": 0.0037292869098992727,
      "n": 1
    },
    "tvd_SCHL_allpop": {
      "mean": 5.346559457564555e-08,
      "std": 0.0,
      "max": 5.346559457564555e-08,
      "p90": 5.346559457564555e-08,
      "n": 1
    },
    "tvd_SCHL_allpop_raw": {
      "mean": 0.017502655233680865,
      "std": 0.0,
      "max": 0.017502655233680865,
      "p90": 0.017502655233680865,
      "n": 1
    },
    "tvd_ESR_allpop": {
      "mean": 6.356532049366202e-09,
      "std": 0.0,
      "max": 6.356532049366202e-09,
      "p90": 6.356532049366202e-09,
      "n": 1
    },
    "tvd_ESR_allpop_raw": {
      "mean": 0.01465811022298015,
      "std": 0.0,
      "max": 0.01465811022298015,
      "p90": 0.01465811022298015,
      "n": 1
    }
  },
  "baselines": {
    "ipf_train_seed_external": {
      "tvd_joint": {
        "mean": 0.08089390165644274,
        "std": 0.0,
        "max": 0.08089390165644274,
        "p90": 0.08089390165644274,
        "n": 1
      }
    },
    "independence_external": {
      "tvd_joint": {
        "mean": 0.6140983629222574,
        "std": 0.0,
        "max": 0.6140983629222574,
        "p90": 0.6140983629222574,
        "n": 1
      }
    }
  },
  "by_fold": {
    "leave_mi_out": {
      "n_eval": 68,
      "n_reference_train": 2269,
      "tvd_joint_raw": {
        "mean": 0.0814678771285326,
        "std": 0.01681573541899786,
        "max": 0.1365351078679003,
        "p90": 0.1068925157141333,
        "n": 68
      },
      "tvd_joint": {
        "mean": 0.07513160914471732,
        "std": 0.0153121051937058,
        "max": 0.1184894378885761,
        "p90": 0.09682775936831983,
        "n": 68
      },
      "cosine_joint_raw": {
        "mean": 0.9913478775696369,
        "std": 0.004327201618420424,
        "max": 0.9967571007926264,
        "p90": 0.9951864422877814,
        "n": 68
      },
      "cosine_joint": {
        "mean": 0.9926476277431934,
        "std": 0.0032900327960458924,
        "max": 0.9970690240181295,
        "p90": 0.9957753907649186,
        "n": 68
      },
      "tvd_coarse_head": {
        "mean": 0.03845603412503795,
        "std": 0.011641571077873059,
        "max": 0.08082205405987966,
        "p90": 0.05363031924329199,
        "n": 68
      },
      "tvd_coarse_from_fine": {
        "mean": 0.03985142605569249,
        "std": 0.010830331751195642,
        "max": 0.06808668374747326,
        "p90": 0.05477655154446147,
        "n": 68
      },
      "ipf_train_seed_external": {
        "tvd_joint": {
          "mean": 0.08089390165644274,
          "std": 0.013850004177544159,
          "max": 0.12237108680909091,
          "p90": 0.10383173442958983,
          "n": 68
        }
      },
      "independence_external": {
        "tvd_joint": {
          "mean": 0.6140983629222574,
          "std": 0.02233287258812504,
          "max": 0.6704645363021833,
          "p90": 0.6426687551556928,
          "n": 68
        }
      },
      "tvd_AGEP_bin": {
        "mean": 3.712322117163316e-05,
        "std": 5.836108427722779e-06,
        "max": 4.860222911734838e-05,
        "p90": 4.5805425264696267e-05,
        "n": 68
      },
      "tvd_AGEP_bin_raw": {
        "mean": 0.016935484064633483,
        "std": 0.012541231233972763,
        "max": 0.10031088706272093,
        "p90": 0.02598937769123209,
        "n": 68
      },
      "tvd_SEX": {
        "mean": 8.979257405807099e-07,
        "std": 2.9319979331484606e-07,
        "max": 1.5567120431325687e-06,
        "p90": 1.3257632756696892e-06,
        "n": 68
      },
      "tvd_SEX_raw": {
        "mean": 0.0037292869098992727,
        "std": 0.0034345663108392727,
        "max": 0.023679751748947403,
        "p90": 0.0071700001281246924,
        "n": 68
      },
      "tvd_SCHL_allpop": {
        "mean": 5.346559457564555e-08,
        "std": 1.6788120453308707e-08,
        "max": 9.993304797561997e-08,
        "p90": 7.152344458916105e-08,
        "n": 68
      },
      "tvd_SCHL_allpop_raw": {
        "mean": 0.017502655233680865,
        "std": 0.009544990713463411,
        "max": 0.07545772083209074,
        "p90": 0.025505163991032438,
        "n": 68
      },
      "tvd_ESR_allpop": {
        "mean": 6.356532049366202e-09,
        "std": 4.087020238862333e-09,
        "max": 1.6938429380191754e-08,
        "p90": 1.1725569465937381e-08,
        "n": 68
      },
      "tvd_ESR_allpop_raw": {
        "mean": 0.01465811022298015,
        "std": 0.007249598949164937,
        "max": 0.04789265725298654,
        "p90": 0.023080404238265417,
        "n": 68
      },
      "n_train": 2269,
      "n_val": 119,
      "n_test": 68
    }
  }
}
