[info] RAW_ROOT=/home/jinlin/data/geoexplicit_data
[info] DATA_ROOT=/home/jinlin/data/geoexplicit_data/synthetic_city/data
[info] TARGET_WIDE_CSV=/home/jinlin/data/geoexplicit_data/synthetic_city/data/us/processed/external_targets/exttarget_v1_full_earn_pums_2023_puma_us_joint_wide.csv
[info] CONDITION_CSV=/home/jinlin/data/geoexplicit_data/synthetic_city/data/us/processed/external_conditions/extcond_v1_earn_v1_acs5_2022_puma_us.csv
[info] SCHEMA_JSON=/home/jinlin/data/geoexplicit_data/synthetic_city/data/us/processed/external_targets/exttarget_v1_full_earn_pums_2023_puma_us.schema.json
[info] PYTHON_BIN=/home/jinlin/miniconda3/bin/python
[info] DEVICE=auto
[info] TIMESTEPS=200
[info] EPOCHS=400
[info] EVAL_EVERY=200
[info] VAL_FRAC=0.05
[info] N_VAL_JOINT_SAMPLES=16
[info] N_EVAL_JOINT_SAMPLES=32
[info] EMA_DECAY=0.999
[info] MARGINAL_WEIGHT=1.0
[info] CMD=/home/jinlin/miniconda3/bin/python -u tools/train_external_joint_hier_diffusion_full_earn.py --joint_wide_csv /home/jinlin/data/geoexplicit_data/synthetic_city/data/us/processed/external_targets/exttarget_v1_full_earn_pums_2023_puma_us_joint_wide.csv --condition_csv /home/jinlin/data/geoexplicit_data/synthetic_city/data/us/processed/external_conditions/extcond_v1_earn_v1_acs5_2022_puma_us.csv --schema_json /home/jinlin/data/geoexplicit_data/synthetic_city/data/us/processed/external_targets/exttarget_v1_full_earn_pums_2023_puma_us.schema.json --eval_mode leave_mi_out --n_folds 5 --timesteps 200 --epochs 400 --batch_size 512 --encoder_hidden_dims 256\,256 --coarse_hidden_dims 256 --diffusion_hidden_dims 1024\,1024 --latent_dim 128 --lr 1e-3 --weight_decay 1e-4 --condition_injection concat --film_hidden_dim 128 --coarse_weight 0.5 --consistency_weight 1.0 --marginal_weight 1.0 --seed 2 --log_every 200 --eval_every 200 --val_frac 0.05 --val_min_groups 96 --n_val_joint_samples 16 --val_ipf_iters 200 --n_eval_joint_samples 32 --ipf_iters 200 --ema_decay 0.999 --run_label external_joint_hier_diffusion_full_earn_v2 --out_dir outputs/_us_puma_external_joint_hier_diffusion_full_earn_v2_wide400_batch_20260325T161019Z_seed2_20260325T161113Z --save_best_checkpoint 
[train] fold=leave_mi_out epoch=1 loss=4.853085 diff=1.000867 coarse=5.577707 cons=0.828071 marg=0.235293
[train] fold=leave_mi_out epoch=200 loss=3.137917 diff=1.074440 coarse=3.634890 cons=0.177357 marg=0.068676
[train] fold=leave_mi_out epoch=400 loss=3.092001 diff=1.075740 coarse=3.600157 cons=0.159046 marg=0.057137
{
  "hier_diffusion_joint": {
    "tvd_joint_raw": {
      "mean": 0.8810180021374401,
      "std": 0.0,
      "max": 0.8810180021374401,
      "p90": 0.8810180021374401,
      "n": 1
    },
    "tvd_joint": {
      "mean": 0.5222932489751897,
      "std": 0.0,
      "max": 0.5222932489751897,
      "p90": 0.5222932489751897,
      "n": 1
    },
    "cosine_joint_raw": {
      "mean": 0.06445470849329298,
      "std": 0.0,
      "max": 0.06445470849329298,
      "p90": 0.06445470849329298,
      "n": 1
    },
    "cosine_joint": {
      "mean": 0.7077940674875017,
      "std": 0.0,
      "max": 0.7077940674875017,
      "p90": 0.7077940674875017,
      "n": 1
    },
    "tvd_coarse_head": {
      "mean": 0.17319722026308018,
      "std": 0.0,
      "max": 0.17319722026308018,
      "p90": 0.17319722026308018,
      "n": 1
    },
    "tvd_coarse_from_fine": {
      "mean": 0.3669123515048685,
      "std": 0.0,
      "max": 0.3669123515048685,
      "p90": 0.3669123515048685,
      "n": 1
    },
    "tvd_AGEP_bin": {
      "mean": 3.7448427968325734e-05,
      "std": 0.0,
      "max": 3.7448427968325734e-05,
      "p90": 3.7448427968325734e-05,
      "n": 1
    },
    "tvd_AGEP_bin_raw": {
      "mean": 0.29347114062323076,
      "std": 0.0,
      "max": 0.29347114062323076,
      "p90": 0.29347114062323076,
      "n": 1
    },
    "tvd_SEX": {
      "mean": 2.599974210440856e-06,
      "std": 0.0,
      "max": 2.599974210440856e-06,
      "p90": 2.599974210440856e-06,
      "n": 1
    },
    "tvd_SEX_raw": {
      "mean": 0.06812537945231689,
      "std": 0.0,
      "max": 0.06812537945231689,
      "p90": 0.06812537945231689,
      "n": 1
    },
    "tvd_SCHL_allpop": {
      "mean": 1.3151972437956525e-06,
      "std": 0.0,
      "max": 1.3151972437956525e-06,
      "p90": 1.3151972437956525e-06,
      "n": 1
    },
    "tvd_SCHL_allpop_raw": {
      "mean": 0.30101450257103446,
      "std": 0.0,
      "max": 0.30101450257103446,
      "p90": 0.30101450257103446,
      "n": 1
    },
    "tvd_ESR_allpop": {
      "mean": 1.9310587999993115e-07,
      "std": 0.0,
      "max": 1.9310587999993115e-07,
      "p90": 1.9310587999993115e-07,
      "n": 1
    },
    "tvd_ESR_allpop_raw": {
      "mean": 0.3395379378915747,
      "std": 0.0,
      "max": 0.3395379378915747,
      "p90": 0.3395379378915747,
      "n": 1
    },
    "tvd_EARN_16p_bin": {
      "mean": 6.094791946828269e-09,
      "std": 0.0,
      "max": 6.094791946828269e-09,
      "p90": 6.094791946828269e-09,
      "n": 1
    },
    "tvd_EARN_16p_bin_raw": {
      "mean": 0.3247841712801639,
      "std": 0.0,
      "max": 0.3247841712801639,
      "p90": 0.3247841712801639,
      "n": 1
    }
  },
  "baselines": {
    "ipf_train_seed_external": {
      "tvd_joint": {
        "mean": 0.12701234767986547,
        "std": 0.0,
        "max": 0.12701234767986547,
        "p90": 0.12701234767986547,
        "n": 1
      }
    },
    "independence_external": {
      "tvd_joint": {
        "mean": 0.7747275914882784,
        "std": 0.0,
        "max": 0.7747275914882784,
        "p90": 0.7747275914882784,
        "n": 1
      }
    }
  },
  "by_fold": {
    "leave_mi_out": {
      "n_eval": 68,
      "n_reference_train": 2269,
      "tvd_joint_raw": {
        "mean": 0.8810180021374401,
        "std": 0.02828292268617244,
        "max": 0.9437209591988469,
        "p90": 0.9150007092764414,
        "n": 68
      },
      "tvd_joint": {
        "mean": 0.5222932489751897,
        "std": 0.046970963767150875,
        "max": 0.6515378089681247,
        "p90": 0.5911100649686051,
        "n": 68
      },
      "cosine_joint_raw": {
        "mean": 0.06445470849329298,
        "std": 0.020259087004786805,
        "max": 0.11198670868134444,
        "p90": 0.0945233056937619,
        "n": 68
      },
      "cosine_joint": {
        "mean": 0.7077940674875017,
        "std": 0.08108117180913868,
        "max": 0.8403596197151049,
        "p90": 0.8027851661403113,
        "n": 68
      },
      "tvd_coarse_head": {
        "mean": 0.17319722026308018,
        "std": 0.02370567529095894,
        "max": 0.26681751827533795,
        "p90": 0.19970221139671268,
        "n": 68
      },
      "tvd_coarse_from_fine": {
        "mean": 0.3669123515048685,
        "std": 0.06041686456531613,
        "max": 0.5319693023556331,
        "p90": 0.4444476272718152,
        "n": 68
      },
      "ipf_train_seed_external": {
        "tvd_joint": {
          "mean": 0.12701234767986547,
          "std": 0.015720043281421955,
          "max": 0.17479020725209843,
          "p90": 0.14825687256011544,
          "n": 68
        }
      },
      "independence_external": {
        "tvd_joint": {
          "mean": 0.7747275914882784,
          "std": 0.01690760129007799,
          "max": 0.8131331502260131,
          "p90": 0.7925423533462682,
          "n": 68
        }
      },
      "tvd_AGEP_bin": {
        "mean": 3.7448427968325734e-05,
        "std": 6.420742777718919e-05,
        "max": 0.00028544421434562213,
        "p90": 0.0001172778621959444,
        "n": 68
      },
      "tvd_AGEP_bin_raw": {
        "mean": 0.29347114062323076,
        "std": 0.04571096902421783,
        "max": 0.4047477702884176,
        "p90": 0.35219454597089467,
        "n": 68
      },
      "tvd_SEX": {
        "mean": 2.599974210440856e-06,
        "std": 5.617183089634956e-06,
        "max": 2.82193535652564e-05,
        "p90": 6.616710233350874e-06,
        "n": 68
      },
      "tvd_SEX_raw": {
        "mean": 0.06812537945231689,
        "std": 0.048084171753959695,
        "max": 0.24208584166998603,
        "p90": 0.12677089682612847,
        "n": 68
      },
      "tvd_SCHL_allpop": {
        "mean": 1.3151972437956525e-06,
        "std": 2.0209156295364732e-06,
        "max": 1.1272994638066025e-05,
        "p90": 4.281890203532842e-06,
        "n": 68
      },
      "tvd_SCHL_allpop_raw": {
        "mean": 0.30101450257103446,
        "std": 0.0649730020939841,
        "max": 0.5742684472066855,
        "p90": 0.37332156826216295,
        "n": 68
      },
      "tvd_ESR_allpop": {
        "mean": 1.9310587999993115e-07,
        "std": 3.5396412059575654e-07,
        "max": 2.018323090893781e-06,
        "p90": 4.883411710541475e-07,
        "n": 68
      },
      "tvd_ESR_allpop_raw": {
        "mean": 0.3395379378915747,
        "std": 0.06894931805443193,
        "max": 0.5606177916758388,
        "p90": 0.4271942253129464,
        "n": 68
      },
      "tvd_EARN_16p_bin": {
        "mean": 6.094791946828269e-09,
        "std": 3.552237476760586e-09,
        "max": 1.583248384652569e-08,
        "p90": 1.1175870888793793e-08,
        "n": 68
      },
      "tvd_EARN_16p_bin_raw": {
        "mean": 0.3247841712801639,
        "std": 0.06810345099306596,
        "max": 0.5084834758454065,
        "p90": 0.4040997550762642,
        "n": 68
      },
      "n_train": 2269,
      "n_val": 119,
      "n_test": 68
    }
  }
}
