[info] RAW_ROOT=/home/jinlin/data/geoexplicit_data
[info] DATA_ROOT=/home/jinlin/data/geoexplicit_data/synthetic_city/data
[info] TARGET_WIDE_CSV=/home/jinlin/data/geoexplicit_data/synthetic_city/data/us/processed/external_targets/exttarget_v1_full_earn_pums_2023_puma_us_joint_wide.csv
[info] CONDITION_CSV=/home/jinlin/data/geoexplicit_data/synthetic_city/data/us/processed/external_conditions/extcond_v1_earn_v1_acs5_2022_puma_us.csv
[info] SCHEMA_JSON=/home/jinlin/data/geoexplicit_data/synthetic_city/data/us/processed/external_targets/exttarget_v1_full_earn_pums_2023_puma_us.schema.json
[info] PYTHON_BIN=/home/jinlin/miniconda3/bin/python
[info] DEVICE=auto
[info] TIMESTEPS=200
[info] EPOCHS=1000
[info] EVAL_EVERY=200
[info] VAL_FRAC=0.05
[info] N_VAL_JOINT_SAMPLES=16
[info] N_EVAL_JOINT_SAMPLES=32
[info] EMA_DECAY=0.999
[info] MARGINAL_WEIGHT=1.0
[info] CMD=/home/jinlin/miniconda3/bin/python -u tools/train_external_joint_hier_diffusion_full_earn.py --joint_wide_csv /home/jinlin/data/geoexplicit_data/synthetic_city/data/us/processed/external_targets/exttarget_v1_full_earn_pums_2023_puma_us_joint_wide.csv --condition_csv /home/jinlin/data/geoexplicit_data/synthetic_city/data/us/processed/external_conditions/extcond_v1_earn_v1_acs5_2022_puma_us.csv --schema_json /home/jinlin/data/geoexplicit_data/synthetic_city/data/us/processed/external_targets/exttarget_v1_full_earn_pums_2023_puma_us.schema.json --eval_mode leave_mi_out --n_folds 5 --timesteps 200 --epochs 1000 --batch_size 512 --encoder_hidden_dims 256\,256 --coarse_hidden_dims 256 --diffusion_hidden_dims 512\,512 --latent_dim 128 --lr 1e-3 --weight_decay 1e-4 --condition_injection concat --film_hidden_dim 128 --coarse_weight 0.5 --consistency_weight 1.0 --marginal_weight 1.0 --seed 0 --log_every 200 --eval_every 200 --val_frac 0.05 --val_min_groups 96 --n_val_joint_samples 16 --val_ipf_iters 200 --n_eval_joint_samples 32 --ipf_iters 200 --ema_decay 0.999 --run_label external_joint_hier_diffusion_full_earn_v2 --out_dir outputs/_us_puma_external_joint_hier_diffusion_full_earn_v2_pilot_20260325T160301Z --save_best_checkpoint 
[train] fold=leave_mi_out epoch=1 loss=4.807426 diff=0.999411 coarse=5.552843 cons=0.819018 marg=0.212576
[train] fold=leave_mi_out epoch=200 loss=3.147485 diff=1.078839 coarse=3.625739 cons=0.183642 marg=0.072135
[train] fold=leave_mi_out epoch=400 loss=3.104157 diff=1.062448 coarse=3.606383 cons=0.168886 marg=0.069632
[train] fold=leave_mi_out epoch=600 loss=3.086772 diff=1.063644 coarse=3.606169 cons=0.157973 marg=0.062070
[train] fold=leave_mi_out epoch=800 loss=3.075075 diff=1.064861 coarse=3.600265 cons=0.152920 marg=0.057162
[train] fold=leave_mi_out epoch=1000 loss=3.086986 diff=1.066284 coarse=3.607712 cons=0.156880 marg=0.059966
{
  "hier_diffusion_joint": {
    "tvd_joint_raw": {
      "mean": 0.8898432441272908,
      "std": 0.0,
      "max": 0.8898432441272908,
      "p90": 0.8898432441272908,
      "n": 1
    },
    "tvd_joint": {
      "mean": 0.5259404377571183,
      "std": 0.0,
      "max": 0.5259404377571183,
      "p90": 0.5259404377571183,
      "n": 1
    },
    "cosine_joint_raw": {
      "mean": 0.05373168699293728,
      "std": 0.0,
      "max": 0.05373168699293728,
      "p90": 0.05373168699293728,
      "n": 1
    },
    "cosine_joint": {
      "mean": 0.7040144772692565,
      "std": 0.0,
      "max": 0.7040144772692565,
      "p90": 0.7040144772692565,
      "n": 1
    },
    "tvd_coarse_head": {
      "mean": 0.09020655528499524,
      "std": 0.0,
      "max": 0.09020655528499524,
      "p90": 0.09020655528499524,
      "n": 1
    },
    "tvd_coarse_from_fine": {
      "mean": 0.37132676213304583,
      "std": 0.0,
      "max": 0.37132676213304583,
      "p90": 0.37132676213304583,
      "n": 1
    },
    "tvd_AGEP_bin": {
      "mean": 3.0603056006344668e-06,
      "std": 0.0,
      "max": 3.0603056006344668e-06,
      "p90": 3.0603056006344668e-06,
      "n": 1
    },
    "tvd_AGEP_bin_raw": {
      "mean": 0.28567071387585163,
      "std": 0.0,
      "max": 0.28567071387585163,
      "p90": 0.28567071387585163,
      "n": 1
    },
    "tvd_SEX": {
      "mean": 1.8933381923298933e-07,
      "std": 0.0,
      "max": 1.8933381923298933e-07,
      "p90": 1.8933381923298933e-07,
      "n": 1
    },
    "tvd_SEX_raw": {
      "mean": 0.07030523474491929,
      "std": 0.0,
      "max": 0.07030523474491929,
      "p90": 0.07030523474491929,
      "n": 1
    },
    "tvd_SCHL_allpop": {
      "mean": 1.638029871765434e-07,
      "std": 0.0,
      "max": 1.638029871765434e-07,
      "p90": 1.638029871765434e-07,
      "n": 1
    },
    "tvd_SCHL_allpop_raw": {
      "mean": 0.3070507666797564,
      "std": 0.0,
      "max": 0.3070507666797564,
      "p90": 0.3070507666797564,
      "n": 1
    },
    "tvd_ESR_allpop": {
      "mean": 2.300910673387208e-08,
      "std": 0.0,
      "max": 2.300910673387208e-08,
      "p90": 2.300910673387208e-08,
      "n": 1
    },
    "tvd_ESR_allpop_raw": {
      "mean": 0.34965367074072345,
      "std": 0.0,
      "max": 0.34965367074072345,
      "p90": 0.34965367074072345,
      "n": 1
    },
    "tvd_EARN_16p_bin": {
      "mean": 6.0947919381929166e-09,
      "std": 0.0,
      "max": 6.0947919381929166e-09,
      "p90": 6.0947919381929166e-09,
      "n": 1
    },
    "tvd_EARN_16p_bin_raw": {
      "mean": 0.34622078484249674,
      "std": 0.0,
      "max": 0.34622078484249674,
      "p90": 0.34622078484249674,
      "n": 1
    }
  },
  "baselines": {
    "ipf_train_seed_external": {
      "tvd_joint": {
        "mean": 0.12697349666443347,
        "std": 0.0,
        "max": 0.12697349666443347,
        "p90": 0.12697349666443347,
        "n": 1
      }
    },
    "independence_external": {
      "tvd_joint": {
        "mean": 0.7747275914882784,
        "std": 0.0,
        "max": 0.7747275914882784,
        "p90": 0.7747275914882784,
        "n": 1
      }
    }
  },
  "by_fold": {
    "leave_mi_out": {
      "n_eval": 68,
      "n_reference_train": 2269,
      "tvd_joint_raw": {
        "mean": 0.8898432441272908,
        "std": 0.02240625757305116,
        "max": 0.9515154386854028,
        "p90": 0.916592938412962,
        "n": 68
      },
      "tvd_joint": {
        "mean": 0.5259404377571183,
        "std": 0.04352282343078098,
        "max": 0.6275549859533485,
        "p90": 0.5798570478799683,
        "n": 68
      },
      "cosine_joint_raw": {
        "mean": 0.05373168699293728,
        "std": 0.014537189892012213,
        "max": 0.1002571466405713,
        "p90": 0.07242103010391412,
        "n": 68
      },
      "cosine_joint": {
        "mean": 0.7040144772692565,
        "std": 0.07856071019013972,
        "max": 0.8470901387292039,
        "p90": 0.8100795566084593,
        "n": 68
      },
      "tvd_coarse_head": {
        "mean": 0.09020655528499524,
        "std": 0.016141771525876304,
        "max": 0.15503525259360965,
        "p90": 0.11063673444159196,
        "n": 68
      },
      "tvd_coarse_from_fine": {
        "mean": 0.37132676213304583,
        "std": 0.04940340681827737,
        "max": 0.5075292470106516,
        "p90": 0.43128696283773493,
        "n": 68
      },
      "ipf_train_seed_external": {
        "tvd_joint": {
          "mean": 0.12697349666443347,
          "std": 0.015755843964946052,
          "max": 0.17502165791374952,
          "p90": 0.14823284775706033,
          "n": 68
        }
      },
      "independence_external": {
        "tvd_joint": {
          "mean": 0.7747275914882784,
          "std": 0.01690760129007799,
          "max": 0.8131331502260131,
          "p90": 0.7925423533462682,
          "n": 68
        }
      },
      "tvd_AGEP_bin": {
        "mean": 3.0603056006344668e-06,
        "std": 7.380599187164086e-06,
        "max": 3.726075825645145e-05,
        "p90": 7.65758595176521e-06,
        "n": 68
      },
      "tvd_AGEP_bin_raw": {
        "mean": 0.28567071387585163,
        "std": 0.0445700034271179,
        "max": 0.4100694711380482,
        "p90": 0.3551726826192662,
        "n": 68
      },
      "tvd_SEX": {
        "mean": 1.8933381923298933e-07,
        "std": 5.495911635361989e-07,
        "max": 3.4905910496485504e-06,
        "p90": 4.2477013318109667e-07,
        "n": 68
      },
      "tvd_SEX_raw": {
        "mean": 0.07030523474491929,
        "std": 0.04409746491564986,
        "max": 0.20008904167900832,
        "p90": 0.1220430590732137,
        "n": 68
      },
      "tvd_SCHL_allpop": {
        "mean": 1.638029871765434e-07,
        "std": 3.802683999261579e-07,
        "max": 1.981984463550468e-06,
        "p90": 3.940125352833173e-07,
        "n": 68
      },
      "tvd_SCHL_allpop_raw": {
        "mean": 0.3070507666797564,
        "std": 0.07173890840161615,
        "max": 0.6612252931308789,
        "p90": 0.3886077603855935,
        "n": 68
      },
      "tvd_ESR_allpop": {
        "mean": 2.300910673387208e-08,
        "std": 4.7207519545173014e-08,
        "max": 2.814594520673269e-07,
        "p90": 3.3566923595741205e-08,
        "n": 68
      },
      "tvd_ESR_allpop_raw": {
        "mean": 0.34965367074072345,
        "std": 0.05968277597962232,
        "max": 0.505769114739639,
        "p90": 0.42451780628624747,
        "n": 68
      },
      "tvd_EARN_16p_bin": {
        "mean": 6.0947919381929166e-09,
        "std": 3.5522374892135732e-09,
        "max": 1.583248380142288e-08,
        "p90": 1.1175870802404563e-08,
        "n": 68
      },
      "tvd_EARN_16p_bin_raw": {
        "mean": 0.34622078484249674,
        "std": 0.06439942498344141,
        "max": 0.4562219896788379,
        "p90": 0.42729174770162504,
        "n": 68
      },
      "n_train": 2269,
      "n_val": 119,
      "n_test": 68
    }
  }
}
