[info] RAW_ROOT=/home/jinlin/data/geoexplicit_data
[info] DATA_ROOT=/home/jinlin/data/geoexplicit_data/synthetic_city/data
[info] TARGET_WIDE_CSV=/home/jinlin/data/geoexplicit_data/synthetic_city/data/us/processed/external_targets/exttarget_v1_full_pums_2023_puma_us_joint_wide.csv
[info] CONDITION_CSV=/home/jinlin/data/geoexplicit_data/synthetic_city/data/us/processed/external_conditions/extcond_v1_full_acs5_2022_puma_us.csv
[info] SCHEMA_JSON=/home/jinlin/data/geoexplicit_data/synthetic_city/data/us/processed/external_targets/exttarget_v1_full_pums_2023_puma_us.schema.json
[info] PYTHON_BIN=/home/jinlin/miniconda3/bin/python
[info] DEVICE=cuda
[info] CMD=/home/jinlin/miniconda3/bin/python -u tools/train_external_joint_hier_diffusion_full.py --joint_wide_csv /home/jinlin/data/geoexplicit_data/synthetic_city/data/us/processed/external_targets/exttarget_v1_full_pums_2023_puma_us_joint_wide.csv --condition_csv /home/jinlin/data/geoexplicit_data/synthetic_city/data/us/processed/external_conditions/extcond_v1_full_acs5_2022_puma_us.csv --schema_json /home/jinlin/data/geoexplicit_data/synthetic_city/data/us/processed/external_targets/exttarget_v1_full_pums_2023_puma_us.schema.json --eval_mode leave_mi_out --n_folds 5 --timesteps 200 --epochs 2000 --batch_size 512 --encoder_hidden_dims 256\,256 --coarse_hidden_dims 256 --diffusion_hidden_dims 512\,512 --latent_dim 128 --lr 1e-3 --weight_decay 1e-4 --condition_injection concat --film_hidden_dim 128 --coarse_weight 0.5 --consistency_weight 1.0 --seed 2 --log_every 400 --n_eval_joint_samples 64 --ipf_iters 200 --run_label external_joint_hier_diffusion_full --out_dir outputs/_us_puma_external_joint_hier_diffusion_full_concat_2000ep_s2_20260325T000000Z --device cuda 
[train] fold=leave_mi_out epoch=1 loss=3.742415 diff=0.996591 coarse=4.190874 cons=0.650388
[train] fold=leave_mi_out epoch=400 loss=1.983749 diff=0.391659 coarse=3.079813 cons=0.052184
[train] fold=leave_mi_out epoch=800 loss=1.938912 diff=0.351360 coarse=3.082602 cons=0.046251
[train] fold=leave_mi_out epoch=1200 loss=1.897038 diff=0.319221 coarse=3.074859 cons=0.040388
[train] fold=leave_mi_out epoch=1600 loss=1.921085 diff=0.343314 coarse=3.077606 cons=0.038968
[train] fold=leave_mi_out epoch=2000 loss=1.914667 diff=0.335324 coarse=3.084208 cons=0.037239
{
  "hier_diffusion_joint": {
    "tvd_joint_raw": {
      "mean": 0.0906088579891042,
      "std": 0.0,
      "max": 0.0906088579891042,
      "p90": 0.0906088579891042,
      "n": 1
    },
    "tvd_joint": {
      "mean": 0.0802039754751523,
      "std": 0.0,
      "max": 0.0802039754751523,
      "p90": 0.0802039754751523,
      "n": 1
    },
    "cosine_joint_raw": {
      "mean": 0.9883620773861854,
      "std": 0.0,
      "max": 0.9883620773861854,
      "p90": 0.9883620773861854,
      "n": 1
    },
    "cosine_joint": {
      "mean": 0.9914296956432309,
      "std": 0.0,
      "max": 0.9914296956432309,
      "p90": 0.9914296956432309,
      "n": 1
    },
    "tvd_coarse_head": {
      "mean": 0.040279309909271255,
      "std": 0.0,
      "max": 0.040279309909271255,
      "p90": 0.040279309909271255,
      "n": 1
    },
    "tvd_coarse_from_fine": {
      "mean": 0.044059130853553674,
      "std": 0.0,
      "max": 0.044059130853553674,
      "p90": 0.044059130853553674,
      "n": 1
    },
    "tvd_AGEP_bin": {
      "mean": 3.512863883938981e-05,
      "std": 0.0,
      "max": 3.512863883938981e-05,
      "p90": 3.512863883938981e-05,
      "n": 1
    },
    "tvd_AGEP_bin_raw": {
      "mean": 0.02550859772009818,
      "std": 0.0,
      "max": 0.02550859772009818,
      "p90": 0.02550859772009818,
      "n": 1
    },
    "tvd_SEX": {
      "mean": 7.678383038960369e-07,
      "std": 0.0,
      "max": 7.678383038960369e-07,
      "p90": 7.678383038960369e-07,
      "n": 1
    },
    "tvd_SEX_raw": {
      "mean": 0.0063583694282379165,
      "std": 0.0,
      "max": 0.0063583694282379165,
      "p90": 0.0063583694282379165,
      "n": 1
    },
    "tvd_SCHL_allpop": {
      "mean": 5.243276916228006e-08,
      "std": 0.0,
      "max": 5.243276916228006e-08,
      "p90": 5.243276916228006e-08,
      "n": 1
    },
    "tvd_SCHL_allpop_raw": {
      "mean": 0.024712779926825777,
      "std": 0.0,
      "max": 0.024712779926825777,
      "p90": 0.024712779926825777,
      "n": 1
    },
    "tvd_ESR_allpop": {
      "mean": 6.3565320411233255e-09,
      "std": 0.0,
      "max": 6.3565320411233255e-09,
      "p90": 6.3565320411233255e-09,
      "n": 1
    },
    "tvd_ESR_allpop_raw": {
      "mean": 0.015621639711635448,
      "std": 0.0,
      "max": 0.015621639711635448,
      "p90": 0.015621639711635448,
      "n": 1
    }
  },
  "baselines": {
    "ipf_train_seed_external": {
      "tvd_joint": {
        "mean": 0.0808823584465411,
        "std": 0.0,
        "max": 0.0808823584465411,
        "p90": 0.0808823584465411,
        "n": 1
      }
    },
    "independence_external": {
      "tvd_joint": {
        "mean": 0.6140983629222574,
        "std": 0.0,
        "max": 0.6140983629222574,
        "p90": 0.6140983629222574,
        "n": 1
      }
    }
  },
  "by_fold": {
    "leave_mi_out": {
      "n_train": 2388,
      "n_test": 68,
      "tvd_joint_raw": {
        "mean": 0.0906088579891042,
        "std": 0.01602516365489104,
        "max": 0.14893952115663653,
        "p90": 0.11010903740578805,
        "n": 68
      },
      "tvd_joint": {
        "mean": 0.0802039754751523,
        "std": 0.014274389696831069,
        "max": 0.12383229642560609,
        "p90": 0.10028995526486,
        "n": 68
      },
      "cosine_joint_raw": {
        "mean": 0.9883620773861854,
        "std": 0.006434913149559764,
        "max": 0.99545771045487,
        "p90": 0.9934246663526735,
        "n": 68
      },
      "cosine_joint": {
        "mean": 0.9914296956432309,
        "std": 0.0037447849757887928,
        "max": 0.9962196592895687,
        "p90": 0.9948906729267084,
        "n": 68
      },
      "tvd_coarse_head": {
        "mean": 0.040279309909271255,
        "std": 0.011431421986086982,
        "max": 0.07825002830415151,
        "p90": 0.055434682678281506,
        "n": 68
      },
      "tvd_coarse_from_fine": {
        "mean": 0.044059130853553674,
        "std": 0.011705516159874177,
        "max": 0.07341644287555116,
        "p90": 0.05989791794254859,
        "n": 68
      },
      "ipf_train_seed_external": {
        "tvd_joint": {
          "mean": 0.0808823584465411,
          "std": 0.013836738602933765,
          "max": 0.12229591764384792,
          "p90": 0.10383675822024648,
          "n": 68
        }
      },
      "independence_external": {
        "tvd_joint": {
          "mean": 0.6140983629222574,
          "std": 0.02233287258812504,
          "max": 0.6704645363021833,
          "p90": 0.6426687551556928,
          "n": 68
        }
      },
      "tvd_AGEP_bin": {
        "mean": 3.512863883938981e-05,
        "std": 6.31081843395392e-06,
        "max": 5.1067006197946796e-05,
        "p90": 4.32030662319581e-05,
        "n": 68
      },
      "tvd_AGEP_bin_raw": {
        "mean": 0.02550859772009818,
        "std": 0.015095532224874688,
        "max": 0.11958738205609498,
        "p90": 0.03612576153403628,
        "n": 68
      },
      "tvd_SEX": {
        "mean": 7.678383038960369e-07,
        "std": 3.0998375586286975e-07,
        "max": 1.89858317012348e-06,
        "p90": 1.156780377092881e-06,
        "n": 68
      },
      "tvd_SEX_raw": {
        "mean": 0.0063583694282379165,
        "std": 0.0033917294890386095,
        "max": 0.01796522424187444,
        "p90": 0.010302494997631938,
        "n": 68
      },
      "tvd_SCHL_allpop": {
        "mean": 5.243276916228006e-08,
        "std": 1.4514129491648397e-08,
        "max": 8.827809217654137e-08,
        "p90": 6.9000173530398e-08,
        "n": 68
      },
      "tvd_SCHL_allpop_raw": {
        "mean": 0.024712779926825777,
        "std": 0.012022074481349416,
        "max": 0.08960700174635139,
        "p90": 0.032967999756013874,
        "n": 68
      },
      "tvd_ESR_allpop": {
        "mean": 6.3565320411233255e-09,
        "std": 4.087020234183903e-09,
        "max": 1.6938429286191426e-08,
        "p90": 1.1725569490244515e-08,
        "n": 68
      },
      "tvd_ESR_allpop_raw": {
        "mean": 0.015621639711635448,
        "std": 0.009303311690327413,
        "max": 0.06712791653419947,
        "p90": 0.02552988186903341,
        "n": 68
      }
    }
  }
}
